LEDStrip: Initialized successfully.
JSON Server started on port 1293
JSON Server started on port 30009
start server loop
JSON Server started on port 2812
start server loop
start server loop
Connection accepted from 127.0.0.1:34016
Server: Received command: '{"type": "settings", "enable_conversion": true, "power_enable": true, "R2_rate": 4, "R3_rate": 128}
'
IN:{"type": "settings", "enable_conversion": true, "power_enable": true, "R2_rate": 4, "R3_rate": 128}


Sending to client: '{"R2_rate":4,"R3_rate":128,"enable_conversion":true,"power_enable":true,"type":"actual_settings"}'
Client disconnected.
Connection accepted from 127.0.0.1:35458
Server: Received command: '{"type": "settings", "enable_conversion": true, "power_enable": true}
'
IN:{"type": "settings", "enable_conversion": true, "power_enable": true}


Sending to client: '{"R2_rate":4,"R3_rate":128,"enable_conversion":true,"power_enable":true,"type":"actual_settings"}'
Server: Received command: '{"type": "get_data"}
'
IN:{"type": "get_data"}


Sending to client: '{"data":[[-99999,1,0],[-99999,2,0],[-99999,3,0],[-99999,4,0],[-99999,5,0],[-99999,6,0],[-99999,7,0],[-99999,8,0],[-99999,9,0],[-99999,10,0],[-99999,11,0],[-99999,12,0],[-99999,13,0],[-99999,14,0],[-99999,15,0],[4980351,5603097,5078891],[5016753,5625598,5078379],[5033592,5647216,5077082],[5039740,5668259,5075489],[5039097,5688469,5073375],[5033757,5707939,5071014],[5025160,5726678,5068242],[5015393,5745272,5065438],[4928541,5879659,5038593],[4916498,5894844,5034914],[4904296,5909779,5031114],[4892569,5924915,5027534],[4880658,5939617,5023731],[4869559,5954286,5020095],[4858354,5968724,5016264],[4847326,5983106,5012622],[4834987,5996874,5008678],[4822787,6010667,5004943],[4810714,6024243,5001004],[4799796,6038367,4997426],[4788636,6052031,4993577],[4777498,6065501,4989903],[4766053,6078653,4985977],[4754734,6091879,4982336],[4743391,6104895,4978518],[4733013,6117988,4974970],[4721902,6130525,4971095],[4710741,6143294,4967478],[4699407,6155649,4963630],[4688744,6168120,4960048],[4678230,6180573,4956323],[4668361,6193184,4952829],[4658102,6205400,4949113],[4647788,6217820,4945613],[4637624,6230102,4942078],[4627908,6242329,4938692],[-99999,16,0],[4618648,6254568,4935294],[4609248,6266723,4931914],[4599914,6278559,4928423],[4590352,6290022,4924888],[4580937,6301408,4921381],[4571583,6312909,4917944],[4562600,6324719,4914695],[4553746,6336397,4911486],[4545503,6348347,4908501],[4537435,6360383,4905494],[4529543,6372471,4902641],[4521579,6384375,4899666],[4514285,6396682,4896968],[4506691,6408682,4894150],[4499607,6420870,4891621],[4492672,6432917,4889008],[4485935,6445154,4886700],[4480284,6457321,4884246],[4477580,6470113,4882179],[4473353,6482367,4879811],[4471472,6495069,4877837],[4470822,6507697,4875763],[4469253,6520624,4874065],[4463921,6532757,4871989],[4457703,6544742,4870095],[4451621,6556325,4867909],[4446003,6568074,4865982],[4440344,6579691,4863896],[4435447,6591678,4862127],[4430552,6602422,4860179],[4425511,6576824,4858482],[4420780,6456994,4856642],[4416575,6317546,4855082],[4413015,6231249,4853486],[4410274,6158970,4852133],[4407626,6091923,4850765],[4405217,6031684,4849545],[4403595,5979877,4848389],[4402018,5935221,4847280],[4400253,5891537,4846170],[4398736,5849539,4845082],[4397867,5805770,4844037],[4396602,5761568,4843004],[4395967,5716359,4842110],[4395306,5670306,4841156],[4395020,5618507,4840404],[4394257,5561030,4839614],[4393631,5494496,4839033],[4393130,5408393,4838221],[4392853,5287410,4837623],[-99999,17,0],[4392589,5104313,4836955],[4392600,4767806,4836669],[4392794,4382515,4836355],[4394717,4205332,4836402],[4396684,4194278,4836230],[4397903,4194279,4836293],[4398372,4194279,4836038],[4399216,4194285,4836088],[4400246,4194291,4835921],[4401311,4194292,4835980],[4401437,4194290,4835717],[4402162,4194288,4835769],[4402634,4194288,4835620],[4403593,4194287,4835689],[4404089,4194288,4835526],[4404864,4194284,4835586],[4405877,4194280,4835451],[4406404,4194278,4835471],[4406821,4194278,4835320],[4407309,4194278,4835317],[4407615,4194279,4835157],[4407726,4194284,4835161],[4407833,4194282,4835087],[4408257,4194281,4835092],[4408458,4194281,4835019],[4408812,4194284,4834990]],"data_size":129,"timestamp":"2026-01-04 06:54:44.566","type":"data"}'
Client disconnected.
Connection accepted from 127.0.0.1:35466
Server: Received command: '{"type": "settings", "power_enable": false}
'
IN:{"type": "settings", "power_enable": false}


Sending to client: '{"R2_rate":4,"R3_rate":128,"enable_conversion":true,"power_enable":false,"type":"actual_settings"}'
Client disconnected.
