LEDStrip: Initialized successfully.
JSON Server started on port 1293
JSON Server started on port 30009
start server loop
JSON Server started on port 2812
start server loop
start server loop
Connection accepted from 127.0.0.1:47798
Server: Received command: '{"type": "settings", "enable_conversion": true, "power_enable": true, "R2_rate": 4, "R3_rate": 128}
'
IN:{"type": "settings", "enable_conversion": true, "power_enable": true, "R2_rate": 4, "R3_rate": 128}


Sending to client: '{"R2_rate":4,"R3_rate":128,"enable_conversion":true,"power_enable":true,"type":"actual_settings"}'
Server: Received command: '{"type": "get_data"}
'
IN:{"type": "get_data"}


Sending to client: '{"data":[[-99999,1,0],[-99999,2,0],[-99999,3,0],[-99999,4,0],[-99999,5,0],[-99999,6,0],[-99999,7,0],[-99999,8,0],[-99999,9,0],[-99999,10,0],[-99999,11,0],[-99999,12,0],[-99999,13,0],[4194974,2759489,4878093],[4195037,2694470,4875164],[4195227,2665364,4872740],[4195398,2645444,4870515],[4195411,2628556,4868642],[4195384,2613639,4866932],[4195342,2604002,4865645],[4195285,2620686,4864575],[4195245,2653222,4863700],[4195222,2689297,4862992],[4195184,2751451,4862099],[4195141,2804950,4860742],[4195118,2831520,4859071],[-99999,14,0],[4195100,2852850,4857130],[4195071,2871253,4854923],[4195043,2881236,4852545],[4195037,2885269,4849853],[4195021,2896424,4846924],[4195027,2904789,4843956],[4195045,2908867,4840699],[4195072,2900628,4837016],[4195128,2865685,4833007],[4195211,2822016,4828333],[4195247,2774644,4822190],[4195072,2695695,4814607],[4194991,2652947,4806862],[4194982,2673581,4800188],[4194973,2679193,4794403],[4194980,2669023,4789355],[4194993,2651672,4785153],[4195003,2634079,4781438],[4195085,2620239,4777852],[4195340,2608464,4774691],[4195418,2614321,4772265],[4195384,2633486,4769886],[4195315,2641259,4767695],[4195195,2674731,4766399],[4194829,2808188,4768931],[4194346,3008045,4772668],[4194203,3153731,4774748],[4194212,3238261,4776923],[4194209,3298107,4779062],[4194205,3327020,4782000],[4194209,3343041,4783024],[4194220,3347946,4782780],[4194220,3352150,4782030],[4194220,3358051,4781396],[4194220,3364177,4780575],[4194228,3366162,4779093],[4194233,3366912,4777588],[4194228,3367601,4775794],[4194218,3368247,4773919],[4194221,3372678,4771597],[4194222,3376485,4769029],[4194216,3366646,4766650],[4194209,3359552,4763860],[4194214,3386576,4761372],[4194217,3399438,4759182],[4194213,3406553,4757672],[4194217,3404498,4757308],[4194216,3415913,4757431],[4194209,3436261,4758486],[4194209,3454818,4760759],[-99999,15,0],[4194214,3478573,4763528],[4194217,3496405,4765931],[4194214,3507244,4768607],[4194210,3514944,4771586],[4194212,3522451,4773488],[4194212,3526611,4775285],[4194214,3529216,4778226],[4194216,3534271,4780567],[4194216,3538438,4782813],[4194222,3540707,4786779],[4194226,3543620,4791933],[4194224,3548526,4797026],[4194225,3553701,4802000],[4194227,3558600,4807534],[4194228,3563570,4813655],[4194218,3568297,4820371],[4194217,3576610,4828203],[4194219,3591015,4837665],[4194213,3609293,4847249],[4194217,3626509,4856214],[4194218,3639910,4863260],[4194217,3648939,4869086],[4194217,3657462,4874158],[4194212,3666866,4878017],[4194206,3674224,4881012],[4194202,3679910,4883547],[4194203,3684713,4885528],[4194215,3687374,4886526],[4194213,3688338,4887270],[4194209,3684418,4887877],[4194214,3682071,4888807],[4194216,3683424,4888376],[4194222,3684198,4886211],[4194225,3681331,4883861],[4194226,3675603,4881322],[4194224,3669923,4879077]],"data_size":114,"timestamp":"2026-01-04 07:49:32.624","type":"data"}'
Server: Received command: '{"type": "get_data"}
'
IN:{"type": "get_data"}


Sending to client: '{"data":[[4194219,3664398,4877596],[4194215,3657967,4875955],[4194220,3669259,4874712],[4194225,3678999,4874691],[4194218,3676046,4873826],[4194217,3667464,4870581],[4194219,3658529,4866378],[4194216,3651416,4861832],[4194208,3646771,4856928],[4194204,3642430,4851583],[4194205,3629431,4847080],[4194208,3607262,4841929],[4194211,3619707,4837049],[4194216,3623935,4832796],[-99999,16,0],[4194211,3620128,4828194],[4194205,3616613,4824912],[4194212,3611861,4821549],[4194217,3605296,4817757],[4194217,3599051,4814291],[4194219,3591201,4810304],[4194226,3580846,4805253],[4194229,3568893,4798854],[4194234,3554992,4791435],[4194235,3540654,4782808],[4194232,3527563,4772977]],"data_size":26,"timestamp":"2026-01-04 07:49:33.125","type":"data"}'
Server: Received command: '{"type": "get_data"}
'
IN:{"type": "get_data"}


Sending to client: '{"data":[[4194232,3516217,4761026],[4194233,3506762,4747710],[4194234,3497461,4734417],[4194230,3487800,4721401],[4194229,3477810,4707671],[4194232,3470023,4693240],[4194228,3462528,4680517],[4194221,3454412,4668246],[4194220,3448681,4656114],[4194219,3432286,4645461],[4194216,3407342,4634305],[4194213,3419469,4622758],[4194212,3423544,4611006],[4194216,3419057,4598967],[4194218,3415504,4586835],[4194295,3404965,4575258],[4194688,3366972,4566841],[4194994,3311068,4558908],[4194985,3148676,4548578],[4194921,2999981,4537313],[4194900,2993792,4526624],[4194893,2983521,4516456],[4194903,2959146,4507479],[4194935,2929800,4500922],[4195000,2912018,4497905]],"data_size":25,"timestamp":"2026-01-04 07:49:33.625","type":"data"}'
Server: Received command: '{"type": "get_data"}
'
IN:{"type": "get_data"}


Sending to client: '{"data":[[4195023,2924462,4495586],[4195021,2878540,4492456],[4195018,2803516,4489680],[4195020,2741425,4487768],[4195076,2714828,4486969],[4195259,2708582,4487441],[4195132,2687425,4487944],[4194992,2662523,4487054],[4194985,2650430,4485574],[4195038,2639097,4484613],[4195284,2627019,4484258],[4195398,2617535,4484362],[4195386,2610521,4484456],[4195371,2603202,4484325],[-99999,17,0],[4195324,2594358,4483952],[4195283,2583360,4483341],[4195250,2598839,4482580],[4195220,2635851,4482051],[4195182,2644837,4481859],[4195128,2664437,4482145],[4195055,2704526,4482366],[4194981,2751038,4482491],[4194909,2783923,4482979],[4194853,2815406,4483938],[4194746,2837141,4484783]],"data_size":26,"timestamp":"2026-01-04 07:49:34.126","type":"data"}'
Server: Received command: '{"type": "get_data"}
'
IN:{"type": "get_data"}


Sending to client: '{"data":[[4194414,2863759,4486051],[4194230,2892063,4486978],[4194217,2928394,4487456],[4194219,2963890,4488091],[4194220,2996427,4488840],[4194219,3042531,4489202],[4194221,3076069,4489081],[4194217,3089032,4489191],[4194214,3097587,4489144],[4194216,3114672,4488862],[4194215,3127951,4488643],[4194210,3139904,4488978],[4194208,3137392,4488625],[4194197,3144481,4488361],[4194201,3158614,4489560],[4194211,3166012,4490092],[4194211,3173763,4490524],[4194209,3184940,4491089],[4194215,3190340,4491548],[4194217,3203408,4491991],[4194218,3211827,4492455],[4194219,3224720,4492893],[4194229,3233036,4493423],[4194227,3239253,4493909],[4194222,3249134,4494144]],"data_size":25,"timestamp":"2026-01-04 07:49:34.626","type":"data"}'
Server: Received command: '{"type": "get_data"}
'
IN:{"type": "get_data"}


Sending to client: '{"data":[[4194225,3251952,4494341],[4194231,3251079,4494451],[4194226,3250762,4494850],[4194222,3258260,4495641],[4194222,3266362,4496217],[4194219,3271180,4496763],[4194216,3272931,4497295],[4194215,3279009,4497944],[4194214,3284488,4498793],[4194212,3289581,4499436],[4194213,3291400,4500094],[4194215,3294748,4500809],[4194210,3300493,4501777],[4194209,3306634,4502304],[-99999,18,0],[4194215,3309614,4502360],[4194213,3313374,4502480],[4194211,3311128,4502604],[4194213,3316006,4502926],[4194223,3318957,4503116],[4194224,3322209,4503268],[4194224,3327354,4503511],[4194223,3329520,4503762],[4194224,3327193,4504043],[4194227,3325886,4504510],[4194228,3325256,4504574]],"data_size":26,"timestamp":"2026-01-04 07:49:35.127","type":"data"}'
Server: Received command: '{"type": "get_data"}
'
IN:{"type": "get_data"}


Sending to client: '{"data":[[4194224,3327489,4504647],[4194223,3329766,4504862],[4194225,3333244,4504790],[4194224,3333094,4505159],[4194230,3334715,4505722],[4194231,3332610,4506005],[4194222,3333138,4505977],[4194216,3338787,4505880],[4194211,3334729,4506130],[4194207,3319985,4506219],[4194214,3340267,4506057],[4194209,3348465,4506149],[4194204,3346662,4506471],[4194207,3350797,4506764],[4194210,3352865,4506911],[4194213,3352177,4507211],[4194217,3351765,4507389],[4194214,3352281,4507435],[4194214,3352627,4507745],[4194219,3352313,4508045],[4194220,3354445,4508133],[4194224,3356213,4508484],[4194228,3354494,4508765],[4194227,3357323,4508992],[4194223,3361104,4509230]],"data_size":25,"timestamp":"2026-01-04 07:49:35.628","type":"data"}'
Server: Received command: '{"type": "get_data"}
'
IN:{"type": "get_data"}


Sending to client: '{"data":[[4194232,3360489,4509600],[4194231,3361728,4509654],[4194228,3364587,4509703],[4194220,3366173,4509686],[4194217,3366725,4509849],[4194218,3368392,4510214],[4194219,3374184,4510438],[4194222,3375327,4510510],[4194216,3374999,4510440],[4194216,3374410,4510184],[4194215,3374217,4510009],[4194215,3376581,4510066],[4194216,3378582,4510056],[4194213,3375309,4510005],[-99999,19,0],[4194213,3375500,4510219],[4194219,3374176,4510368],[4194221,3373121,4510444],[4194222,3375098,4510858],[4194230,3378509,4510702],[4194231,3380553,4510129],[4194228,3382946,4509769],[4194227,3385294,4509529],[4194232,3384356,4508932],[4194236,3382801,4508398],[4194238,3381247,4508342]],"data_size":26,"timestamp":"2026-01-04 07:49:36.128","type":"data"}'
Server: Received command: '{"type": "get_data"}
'
IN:{"type": "get_data"}


Sending to client: '{"data":[[4194234,3380036,4508218],[4194228,3378849,4507823],[4194222,3380328,4507618],[4194223,3382819,4507769],[4194229,3381962,4507644],[4194229,3380901,4507640],[4194228,3383124,4507951],[4194221,3383163,4508042],[4194214,3383142,4508203],[4194213,3381829,4508804],[4194211,3382983,4509111],[4194205,3382604,4509104],[4194206,3380688,4508896],[4194212,3371856,4508604],[4194214,3350650,4508232],[4194212,3364964,4507986],[4194216,3380237,4507709],[4194224,3383616,4507438],[4194222,3385252,4507259],[4194215,3386495,4506983],[4194219,3384882,4506755],[4194222,3385183,4506846],[4194225,3384991,4506598],[4194230,3385125,4506379],[4194226,3386602,4506305]],"data_size":25,"timestamp":"2026-01-04 07:49:36.629","type":"data"}'
Server: Received command: '{"type": "get_data"}
'
IN:{"type": "get_data"}


Sending to client: '{"data":[[4194223,3386003,4506299],[4194218,3384359,4506325],[4194225,3382774,4506340],[4194231,3382385,4506559],[4194224,3382140,4506490],[4194216,3385077,4506318],[4194217,3386344,4506578],[4194220,3387697,4506620],[4194217,3388561,4506652],[4194216,3384927,4506234],[4194213,3382446,4505612],[4194209,3383651,4505748],[4194215,3386694,4505807],[4194221,3389398,4505476],[-99999,20,0],[4194216,3388442,4505513],[4194214,3387106,4505427],[4194212,3384789,4505068],[4194213,3382334,4504784],[4194218,3383104,4504758],[4194222,3384039,4504739],[4194226,3384007,4504867],[4194229,3385413,4505233],[4194236,3384135,4505662],[4194235,3381791,4505974],[4194238,3379670,4506276]],"data_size":26,"timestamp":"2026-01-04 07:49:37.130","type":"data"}'
Server: Received command: '{"type": "get_data"}
'
IN:{"type": "get_data"}


Sending to client: '{"data":[[4194233,3378654,4506851],[4194225,3379141,4507292],[4194218,3380161,4507585],[4194220,3380074,4507752],[4194229,3375944,4507655],[4194223,3371360,4507304],[4194215,3371510,4507271],[4194215,3372896,4507569],[4194216,3371981,4507435],[4194212,3372511,4507222],[4194207,3374002,4507145],[4194208,3374983,4506940],[4194208,3373593,4506446],[4194208,3372832,4506546],[4194212,3369531,4506367],[4194216,3370522,4506078],[4194221,3374486,4505957],[4194216,3375051,4505630],[4194212,3373111,4505027],[4194219,3371633,4504576],[4194225,3373127,4504767],[4194227,3375563,4504981],[4194229,3378357,4504853],[4194232,3379021,4504537],[4194228,3379522,4504224]],"data_size":25,"timestamp":"2026-01-04 07:49:37.631","type":"data"}'
Server: Received command: '{"type": "get_data"}
'
IN:{"type": "get_data"}


Sending to client: '{"data":[[4194226,3378917,4504143],[4194224,3378056,4504359],[4194224,3377153,4504368],[4194225,3375921,4503836],[4194220,3375372,4503712],[4194211,3376088,4503940],[4194214,3374448,4503734],[4194218,3372199,4503758],[4194221,3370631,4504659],[4194218,3353174,4505266],[4194213,3357486,4505659],[4194207,3370710,4505979],[4194209,3372641,4506572],[4194216,3373268,4506949],[-99999,21,0],[4194221,3373753,4507348],[4194223,3373675,4507696],[4194222,3371562,4507781],[4194224,3374132,4507993],[4194226,3372748,4508920],[4194228,3354844,4509476],[4194229,3359424,4509821],[4194229,3372766,4510602],[4194232,3375562,4511551],[4194229,3380261,4512116],[4194227,3382825,4512296]],"data_size":26,"timestamp":"2026-01-04 07:49:38.133","type":"data"}'
Server: Received command: '{"type": "get_data"}
'
IN:{"type": "get_data"}


Sending to client: '{"data":[[4194225,3384659,4512066],[4194227,3389977,4511902],[4194234,3391418,4511515],[4194232,3391175,4511296],[4194225,3389675,4511225],[4194215,3388741,4511050],[4194214,3390264,4511084],[4194216,3388793,4511065],[4194218,3386631,4510657],[4194214,3388242,4510995],[4194210,3390752,4511244],[4194212,3394463,4511106],[4194209,3397038,4510930],[4194207,3395983,4510240],[4194209,3395339,4509467],[4194210,3394128,4509528],[4194216,3391799,4509586],[4194218,3391784,4509840],[4194219,3392591,4510430],[4194222,3390664,4511060],[4194223,3388730,4511698],[4194224,3386721,4513133],[4194223,3385479,4514949],[4194226,3385827,4516055],[4194225,3387663,4517233]],"data_size":25,"timestamp":"2026-01-04 07:49:38.634","type":"data"}'
Server: Received command: '{"type": "get_data"}
'
IN:{"type": "get_data"}


Sending to client: '{"data":[[4194232,3392469,4517434],[4194229,3397056,4516782],[4194220,3397578,4516201],[4194214,3399283,4515583],[4194210,3400855,4514324],[4194207,3397017,4513144],[4194210,3394487,4512631],[4194209,3393442,4512519],[4194209,3392744,4511910],[4194207,3394000,4511779],[4194203,3418395,4510674],[4194218,3472761,4505708],[4194225,3490053,4500769],[4194221,3476047,4496220],[-99999,22,0],[4194221,3452399,4492495],[4194223,3431258,4490098],[4194221,3423431,4488131],[4194221,3418917,4486345],[4194226,3409689,4485040],[4194220,3402428,4484273],[4194229,3398575,4483549],[4194236,3396792,4482629],[4194229,3394005,4482119],[4194220,3390203,4481432],[4194222,3388710,4480799]],"data_size":26,"timestamp":"2026-01-04 07:49:39.135","type":"data"}'
Server: Received command: '{"type": "get_data"}
'
IN:{"type": "get_data"}


Sending to client: '{"data":[[4194221,3389391,4480578],[4194220,3388359,4480564],[4194215,3386945,4480656],[4194211,3387608,4480835],[4194211,3388473,4481160],[4194215,3390752,4481101],[4194223,3390344,4480377],[4194221,3373226,4480151],[4194209,3373565,4479934],[4194209,3388345,4479137],[4194213,3392861,4478156],[4194211,3396397,4476983],[4194214,3398020,4475761],[4194218,3396799,4474390],[4194222,3392979,4473513],[4194217,3391249,4472888],[4194220,3392741,4472555],[4194226,3392258,4472639],[4194231,3391204,4472643],[4194234,3388653,4472366],[4194237,3385264,4472429],[4194239,3384445,4472591],[4194233,3383532,4472218],[4194223,3383395,4471723],[4194220,3384885,4471203]],"data_size":25,"timestamp":"2026-01-04 07:49:39.636","type":"data"}'
Server: Received command: '{"type": "get_data"}
'
IN:{"type": "get_data"}


Sending to client: '{"data":[[4194225,3385146,4470878],[4194221,3385557,4470741],[4194217,3386970,4470447],[4194212,3388130,4471660],[4194220,3390382,4472726],[4194220,3393256,4472807],[4194216,3394631,4472516],[4194215,3393687,4471968],[4194218,3393190,4470824],[4194217,3394373,4468199],[4194214,3395851,4467061],[4194215,3395452,4466812],[4194217,3395828,4466687],[4194222,3395420,4467305],[-99999,23,0],[4194227,3392598,4467703],[4194225,3391992,4467771],[4194224,3393501,4467690],[4194227,3392897,4467329],[4194234,3393067,4466587],[4194238,3392394,4465621],[4194234,3389731,4465073],[4194228,3385723,4464845],[4194221,3387317,4463922],[4194224,3391434,4462104],[4194228,3388731,4460207]],"data_size":26,"timestamp":"2026-01-04 07:49:40.137","type":"data"}'
Server: Received command: '{"type": "get_data"}
'
IN:{"type": "get_data"}


Sending to client: '{"data":[[4194226,3385026,4458465],[4194224,3380914,4456197],[4194217,3371079,4452707],[4194216,3354548,4447248],[4194219,3328467,4441671],[4194221,3300910,4438957],[4194215,3296751,4437422],[4194211,3305159,4433873],[4194210,3303478,4429783],[4194209,3266767,4428677],[4194210,3176703,4429726],[4194208,2947593,4427985],[4194200,2836076,4426699],[4194198,2833829,4426596],[4194204,2850553,4427704],[4194205,2912576,4428805],[4194212,2945342,4438771],[4194222,2976103,4454245],[4194225,3025201,4461704],[4194229,3043757,4462085],[4194231,3037050,4462392],[4194227,3053202,4464035],[4194230,3073454,4465365],[4194230,3076207,4465303],[4194216,3083929,4463568]],"data_size":25,"timestamp":"2026-01-04 07:49:40.638","type":"data"}'
Server: Received command: '{"type": "get_data"}
'
IN:{"type": "get_data"}


Sending to client: '{"data":[[4194215,3098370,4462015],[4194221,3109024,4461360],[4194215,3119694,4461265],[4194210,3123347,4462044],[4194208,3132229,4462595],[4194202,3135002,4462284],[4194202,3127555,4461535],[4194211,3123066,4460875],[4194215,3131772,4460511],[4194219,3138856,4461002],[4194223,3145060,4461847],[4194224,3144256,4461511],[4194219,3125984,4460067],[4194219,3114319,4458147],[-99999,24,0],[4194222,3117476,4456889],[4194226,3129137,4456005],[4194229,3138923,4454697],[4194229,3148339,4454167],[4194223,3163772,4454177],[4194222,3175884,4454004],[4194224,3186786,4454616],[4194225,3192028,4455594],[4194229,3201001,4456442],[4194217,3230517,4458338],[4194213,3246995,4460488]],"data_size":26,"timestamp":"2026-01-04 07:49:41.140","type":"data"}'
Server: Received command: '{"type": "get_data"}
'
IN:{"type": "get_data"}


Sending to client: '{"data":[[4194213,3246170,4462418],[4194215,3231059,4464051],[4194212,3186124,4465043],[4194214,3165540,4466092],[4194216,3177884,4467260],[4194210,3178548,4468627],[4194207,3181960,4470503],[4194208,3179159,4472589],[4194219,3178404,4474127],[4194220,3184074,4474605],[4194217,3189138,4473742],[4194214,3186719,4472092],[4194216,3188054,4470081],[4194217,3196617,4468372],[4194221,3199037,4466670],[4194232,3201527,4465472],[4194231,3208169,4465058],[4194228,3216294,4464869],[4194230,3219750,4464569],[4194224,3220715,4464626],[4194218,3223234,4464774],[4194221,3227833,4464238],[4194222,3234240,4463046],[4194220,3235020,4461371],[4194221,3233985,4459603]],"data_size":25,"timestamp":"2026-01-04 07:49:41.641","type":"data"}'
Server: Received command: '{"type": "get_data"}
'
IN:{"type": "get_data"}


Sending to client: '{"data":[[4194220,3234755,4458006],[4194209,3239757,4456535],[4194209,3245389,4455385],[4194214,3241653,4454466],[4194212,3241308,4454341],[4194215,3244201,4454038],[4194219,3242016,4453252],[4194215,3239834,4452978],[4194217,3242930,4452741],[4194218,3243794,4451798],[4194221,3244134,4450977],[4194227,3246941,4450490],[4194225,3246134,4449546],[4194218,3242446,4448232],[-99999,25,0],[4194218,3241925,4447628],[4194227,3238951,4447123],[4194228,3238942,4446231],[4194228,3241746,4445272],[4194234,3242743,4444368],[4194233,3237648,4443116],[4194227,3237831,4441955],[4194221,3241811,4441303],[4194219,3245335,4440662],[4194214,3253507,4439736],[4194218,3257334,4439272]],"data_size":26,"timestamp":"2026-01-04 07:49:42.142","type":"data"}'
Server: Received command: '{"type": "get_data"}
'
IN:{"type": "get_data"}


Sending to client: '{"data":[[4194215,3252065,4439056],[4194206,3249095,4438669],[4194211,3248836,4438448],[4194214,3247463,4438522],[4194213,3250177,4438341],[4194212,3256168,4437827],[4194211,3256444,4437525],[4194209,3253489,4437410],[4194215,3253470,4436752],[4194215,3254387,4435486],[4194217,3253066,4434099],[4194226,3254979,4432826],[4194223,3254631,4431724],[4194218,3243278,4430907],[4194218,3232123,4430447],[4194222,3243005,4429716],[4194226,3246412,4429152],[4194227,3251150,4428858],[4194227,3257000,4428442],[4194228,3259028,4428058],[4194227,3257129,4428169],[4194224,3253035,4427848],[4194223,3254158,4427547],[4194224,3255340,4427677],[4194224,3258771,4427937],[4194218,3260007,4428069]],"data_size":26,"timestamp":"2026-01-04 07:49:42.643","type":"data"}'
Server: Received command: '{"type": "get_data"}
'
IN:{"type": "get_data"}


Sending to client: '{"data":[[4194213,3254829,4427876],[4194213,3248922,4427661],[4194207,3246263,4427522],[4194211,3249402,4427587],[4194212,3248155,4427451],[4194206,3244757,4426664],[4194210,3245345,4425900],[4194217,3248512,4425379],[4194224,3254863,4425423],[4194224,3256588,4425066],[4194216,3251330,4424125],[4194224,3248423,4423677],[4194228,3249641,4423419],[-99999,26,0],[4194220,3246495,4422993],[4194221,3243436,4422262],[4194225,3245783,4421439],[4194231,3251624,4421032],[4194226,3259124,4420643],[4194219,3262292,4420108],[4194219,3264828,4419525],[4194215,3270376,4418870],[4194215,3273038,4418066],[4194221,3267449,4417272],[4194219,3264127,4416770],[4194210,3260920,4416566]],"data_size":26,"timestamp":"2026-01-04 07:49:43.145","type":"data"}'
Server: Received command: '{"type": "get_data"}
'
IN:{"type": "get_data"}


Sending to client: '{"data":[[4194212,3258258,4416486],[4194213,3255868,4415976],[4194208,3258686,4415558],[4194208,3268063,4415177],[4194214,3273379,4414450],[4194219,3275216,4413791],[4194218,3268449,4413564],[4194218,3251823,4413596],[4194222,3231524,4413416],[4194223,3245774,4413462],[4194222,3256400,4413507],[4194224,3260299,4413106],[4194233,3260124,4412783],[4194234,3253694,4412388],[4194224,3256784,4411818],[4194223,3258177,4411338],[4194225,3252699,4411051],[4194221,3245552,4411011],[4194223,3232857,4410631],[4194223,3248322,4410153],[4194213,3253324,4409715],[4194213,3252327,4408243],[4194213,3249334,4406420],[4194209,3248957,4407111],[4194207,3254630,4409068]],"data_size":25,"timestamp":"2026-01-04 07:49:43.646","type":"data"}'
Server: Received command: '{"type": "get_data"}
'
IN:{"type": "get_data"}


Sending to client: '{"data":[[4194206,3242290,4408787],[4194212,3223718,4407710],[4194213,3239678,4406688],[4194212,3243490,4405907],[4194216,3245175,4405621],[4194217,3250097,4405783],[4194224,3253874,4405544],[4194228,3253969,4405501],[4194223,3252930,4406110],[4194219,3252957,4406763],[4194217,3252692,4407159],[4194222,3251342,4407241],[4194225,3249742,4407341],[-99999,27,0],[4194225,3249622,4407245],[4194220,3251928,4407192],[4194218,3254407,4406980],[4194227,3255260,4406529],[4194232,3254376,4405948],[4194228,3254970,4405492],[4194221,3258097,4405126],[4194214,3261808,4404711],[4194209,3260202,4404582],[4194209,3261565,4404751],[4194206,3266183,4404628],[4194207,3268152,4404338]],"data_size":26,"timestamp":"2026-01-04 07:49:44.147","type":"data"}'
Server: Received command: '{"type": "get_data"}
'
IN:{"type": "get_data"}


Sending to client: '{"data":[[4194209,3263376,4404330],[4194212,3254432,4404456],[4194212,3250078,4404622],[4194214,3252128,4404919],[4194213,3257576,4405021],[4194215,3259667,4405070],[4194214,3256847,4404718],[4194213,3255433,4404072],[4194214,3253540,4403247],[4194223,3254209,4402736],[4194224,3255552,4402777],[4194230,3258041,4402841],[4194231,3259983,4402617],[4194232,3263034,4402492],[4194232,3265082,4403063],[4194227,3262465,4404045],[4194226,3261157,4404959],[4194225,3260706,4406050],[4194228,3261532,4406278],[4194229,3267157,4406629],[4194224,3264849,4406904],[4194216,3258718,4407383],[4194215,3253874,4407705],[4194211,3253372,4407735],[4194205,3256212,4407927]],"data_size":25,"timestamp":"2026-01-04 07:49:44.648","type":"data"}'
Server: Received command: '{"type": "get_data"}
'
IN:{"type": "get_data"}


Sending to client: '{"data":[[4194206,3255344,4407631],[4194215,3255800,4406951],[4194218,3259355,4406895],[4194221,3258719,4406831],[4194223,3258759,4406205],[4194224,3260957,4405689],[4194221,3265534,4405841],[4194220,3267806,4405452],[4194226,3264328,4404887],[4194226,3261012,4404779],[4194227,3258962,4405254],[4194230,3259529,4405531],[4194227,3258824,4405530],[-99999,28,0],[4194223,3256240,4405721],[4194225,3247973,4405456],[4194226,3231452,4405645],[4194221,3245757,4406267],[4194218,3253249,4406615],[4194216,3255592,4407431],[4194210,3256179,4407976],[4194202,3252844,4408139],[4194209,3252694,4407718],[4194214,3255562,4407422],[4194211,3263820,4407678],[4194209,3267432,4407448]],"data_size":26,"timestamp":"2026-01-04 07:49:45.149","type":"data"}'
Server: Received command: '{"type": "get_data"}
'
IN:{"type": "get_data"}


Sending to client: '{"data":[[4194213,3266759,4406815],[4194214,3267403,4406489],[4194214,3264492,4405714],[4194215,3257733,4404982],[4194218,3254391,4404985],[4194223,3253043,4404841],[4194223,3255906,4404895],[4194222,3263960,4405510],[4194221,3271164,4405703],[4194227,3277200,4405632],[4194233,3276315,4404931],[4194231,3273518,4404469],[4194226,3269976,4404561],[4194223,3263570,4404037],[4194226,3258748,4403553],[4194220,3259182,4403263],[4194215,3256678,4403083],[4194214,3255530,4403092],[4194217,3257277,4403136],[4194215,3260362,4402988],[4194215,3257567,4402699],[4194215,3255170,4402889],[4194220,3252960,4403065],[4194214,3253925,4402779],[4194213,3256157,4402645]],"data_size":25,"timestamp":"2026-01-04 07:49:45.649","type":"data"}'
Server: Received command: '{"type": "get_data"}
'
IN:{"type": "get_data"}


Sending to client: '{"data":[[4194217,3259726,4402764],[4194219,3259598,4402411],[4194216,3260136,4402431],[4194218,3258342,4402721],[4194221,3254012,4402437],[4194223,3252022,4401744],[4194220,3247786,4401298],[4194222,3246436,4401200],[4194224,3252051,4401304],[4194229,3254924,4401482],[4194232,3255769,4401297],[4194231,3256597,4400873],[4194226,3259281,4400679],[-99999,29,0],[4194225,3257606,4400737],[4194227,3255215,4400751],[4194216,3252205,4400427],[4194211,3251164,4400162],[4194218,3249917,4400217],[4194211,3249403,4399981],[4194214,3251588,4400031],[4194211,3251617,4400250],[4194211,3249760,4400249],[4194211,3251227,4400061],[4194206,3249143,4400129],[4194205,3250147,4400633]],"data_size":26,"timestamp":"2026-01-04 07:49:46.151","type":"data"}'
Server: Received command: '{"type": "get_data"}
'
IN:{"type": "get_data"}


Sending to client: '{"data":[[4194206,3248620,4400910],[4194213,3245588,4401315],[4194216,3244404,4401811],[4194222,3242160,4401863],[4194228,3243998,4402223],[4194229,3249903,4402749],[4194226,3250601,4403213],[4194225,3249258,4403157],[4194232,3251322,4402744],[4194228,3254904,4402678],[4194216,3253669,4401998],[4194223,3249883,4400825],[4194230,3255196,4399929],[4194229,3260129,4400220],[4194221,3254183,4400459],[4194214,3246329,4400701],[4194208,3248391,4401309],[4194205,3248544,4401495],[4194209,3247345,4401732],[4194209,3249118,4402177],[4194201,3252806,4402472],[4194204,3253250,4402358],[4194209,3251981,4402242],[4194210,3248619,4402293],[4194211,3246102,4401986]],"data_size":25,"timestamp":"2026-01-04 07:49:46.652","type":"data"}'
Server: Received command: '{"type": "get_data"}
'
IN:{"type": "get_data"}


Sending to client: '{"data":[[4194215,3247449,4401493],[4194221,3251090,4401192],[4194223,3256838,4401345],[4194225,3263092,4401416],[4194224,3270113,4401173],[4194226,3273616,4401217],[4194228,3269821,4401164],[4194228,3265709,4401026],[4194226,3261625,4400995],[4194228,3257570,4401111],[4194223,3259971,4401808],[4194224,3261234,4402491],[4194227,3258664,4402632],[-99999,30,0],[4194219,3252100,4402070],[4194218,3249940,4401923],[4194219,3254112,4401989],[4194211,3257648,4402306],[4194206,3257074,4402571],[4194208,3254763,4402663],[4194209,3254845,4402542],[4194210,3258335,4402450],[4194211,3260935,4402321],[4194216,3261646,4402201],[4194219,3262520,4402112],[4194214,3263549,4402082]],"data_size":26,"timestamp":"2026-01-04 07:49:47.153","type":"data"}'
Server: Received command: '{"type": "get_data"}
'
IN:{"type": "get_data"}


Sending to client: '{"data":[[4194207,3260422,4401785],[4194216,3253841,4401415],[4194219,3251490,4401292],[4194214,3252215,4401300],[4194222,3254412,4401258],[4194224,3258240,4400995],[4194223,3259164,4401082],[4194224,3263252,4401074],[4194229,3268468,4400652],[4194230,3266700,4400564],[4194224,3259535,4400442],[4194215,3257910,4400267],[4194213,3258457,4400015],[4194211,3260482,4399787],[4194215,3255850,4399671],[4194219,3237201,4399600],[4194218,3255075,4399720],[4194217,3259224,4399891],[4194216,3265109,4400576],[4194210,3263326,4401191],[4194211,3260397,4402136],[4194216,3260975,4403447],[4194216,3254816,4405339],[4194213,3248399,4407364]],"data_size":24,"timestamp":"2026-01-04 07:49:47.654","type":"data"}'
Server: Received command: '{"type": "get_data"}
'
IN:{"type": "get_data"}


Sending to client: '{"data":[[4194221,3244031,4409805],[4194222,3234479,4412494],[4194224,3205501,4414510],[4194229,3182531,4415923],[4194226,3154090,4417005],[4194228,3125652,4418325],[4194230,3096653,4419852],[4194229,3068448,4421073],[4194219,3039679,4421918],[4194220,3021550,4422147],[4194220,3023789,4421546],[4194218,3020684,4420588],[4194219,3017675,4419332],[-99999,31,0],[4194219,3023141,4418320],[4194215,3034863,4417624],[4194212,3044327,4416601],[4194205,3046972,4415030],[4194203,3055606,4413961],[4194206,3060967,4413795],[4194206,3058537,4413908],[4194208,3052275,4414106],[4194208,3048336,4414522],[4194216,3040208,4415412],[4194219,3027783,4416328],[4194209,3033562,4416966]],"data_size":26,"timestamp":"2026-01-04 07:49:48.155","type":"data"}'
Server: Received command: '{"type": "get_data"}
'
IN:{"type": "get_data"}


Sending to client: '{"data":[[4194213,3054172,4417567],[4194211,3071880,4418043],[4194219,3081076,4418000],[4194226,3096141,4417793],[4194228,3117730,4416567],[4194230,3145246,4413823],[4194225,3178002,4411105],[4194226,3204116,4408991],[4194226,3226068,4406687],[4194229,3242584,4404430],[4194222,3250793,4402883],[4194214,3247815,4402165],[4194213,3240812,4402094],[4194212,3243208,4402380],[4194216,3248799,4402716],[4194224,3252305,4403093],[4194216,3253361,4403624],[4194208,3252975,4404003],[4194215,3251075,4404581],[4194215,3248589,4405584],[4194214,3248853,4406050],[4194217,3254251,4405003],[4194215,3260795,4403561],[4194219,3264086,4402755],[4194224,3263474,4402681]],"data_size":25,"timestamp":"2026-01-04 07:49:48.656","type":"data"}'
Server: Received command: '{"type": "get_data"}
'
IN:{"type": "get_data"}


Sending to client: '{"data":[[4194225,3263272,4401741],[4194222,3269761,4399759],[4194224,3272858,4397911],[4194229,3273376,4397153],[4194228,3272287,4396669],[4194225,3271795,4395713],[4194228,3271366,4394558],[4194221,3272451,4393731],[4194223,3272889,4393271],[4194224,3274138,4393195],[4194223,3275849,4393130],[4194217,3272879,4392866],[4194210,3267108,4392995],[-99999,32,0],[4194212,3264270,4393139],[4194211,3263922,4392906],[4194214,3268929,4393299],[4194212,3274136,4393633],[4194210,3275970,4393692],[4194209,3271611,4393988],[4194207,3266204,4394501],[4194208,3263076,4394865],[4194218,3261375,4394851],[4194221,3263585,4394904],[4194219,3264351,4394889],[4194213,3266985,4394502]],"data_size":26,"timestamp":"2026-01-04 07:49:49.157","type":"data"}'
Server: Received command: '{"type": "get_data"}
'
IN:{"type": "get_data"}


Sending to client: '{"data":[[4194218,3265000,4394276],[4194224,3263359,4394037],[4194232,3265967,4393327],[4194234,3263675,4392211],[4194231,3262954,4391983],[4194222,3265169,4392573],[4194220,3265489,4392624],[4194218,3260877,4393018],[4194216,3259087,4393222],[4194215,3260041,4392938],[4194215,3259271,4393224],[4194216,3254801,4393679],[4194218,3252316,4394253],[4194213,3255859,4395475],[4194208,3258193,4397015],[4194207,3254501,4397941],[4194210,3247307,4398541],[4194213,3249000,4399536],[4194214,3254732,4400354],[4194213,3253033,4399940],[4194211,3252006,4398692],[4194220,3256201,4397204],[4194223,3262090,4396164],[4194219,3266275,4395231],[4194223,3266165,4394456]],"data_size":25,"timestamp":"2026-01-04 07:49:49.658","type":"data"}'
Server: Received command: '{"type": "get_data"}
'
IN:{"type": "get_data"}


Sending to client: '{"data":[[4194224,3263030,4393076],[4194230,3265805,4391477],[4194229,3266026,4390757],[4194224,3264303,4390928],[4194225,3267962,4390420],[4194233,3271309,4390083],[4194228,3267212,4390657],[4194220,3262217,4391064],[4194223,3256401,4391418],[4194228,3254093,4392551],[4194213,3254781,4393490],[4194206,3234515,4393559],[4194202,3236111,4393370],[-99999,33,0],[4194202,3253208,4393691],[4194205,3258394,4394113],[4194202,3263447,4394648],[4194208,3263087,4394949],[4194210,3261279,4394943],[4194209,3260212,4395019],[4194216,3254856,4395006],[4194221,3249493,4395806],[4194225,3233168,4396204],[4194223,3238086,4395844],[4194221,3254622,4395998],[4194222,3257996,4395829]],"data_size":26,"timestamp":"2026-01-04 07:49:50.159","type":"data"}'
Server: Received command: '{"type": "get_data"}
'
IN:{"type": "get_data"}


Sending to client: '{"data":[[4194223,3263130,4394795],[4194227,3261610,4393547],[4194223,3260001,4392758],[4194222,3262786,4392711],[4194218,3263316,4392718],[4194213,3260616,4392656],[4194212,3256402,4392668],[4194217,3254090,4392498],[4194214,3261737,4393304],[4194208,3266491,4393907],[4194214,3263905,4393287],[4194214,3258857,4392681],[4194211,3255505,4392377],[4194215,3261511,4392129],[4194214,3266303,4391827],[4194216,3266848,4391739],[4194217,3265976,4391591],[4194221,3263379,4391494],[4194224,3264317,4391926],[4194223,3259865,4391973],[4194223,3253284,4391100],[4194227,3254740,4390442],[4194232,3257632,4390367],[4194238,3254194,4390186],[4194237,3254157,4390043]],"data_size":25,"timestamp":"2026-01-04 07:49:50.661","type":"data"}'
Server: Received command: '{"type": "get_data"}
'
IN:{"type": "get_data"}


Sending to client: '{"data":[[4194230,3259470,4390239],[4194226,3260923,4390570],[4194224,3261183,4390673],[4194225,3256532,4390904],[4194225,3249362,4391143],[4194224,3252222,4391249],[4194220,3255661,4391565],[4194218,3251646,4392466],[4194214,3249327,4393470],[4194212,3254287,4393876],[4194216,3254551,4394402],[4194214,3255052,4395078],[4194204,3256234,4394520],[-99999,34,0],[4194206,3256289,4393521],[4194212,3258607,4393033],[4194213,3258747,4392954],[4194214,3257400,4392628],[4194218,3257491,4392589],[4194215,3258459,4392580],[4194218,3258490,4392331],[4194224,3251854,4392018],[4194224,3238005,4391887],[4194221,3222601,4391439],[4194224,3209328,4390859],[4194226,3188765,4390416],[4194230,3173919,4389731]],"data_size":27,"timestamp":"2026-01-04 07:49:51.162","type":"data"}'
Server: Received command: '{"type": "get_data"}
'
IN:{"type": "get_data"}


Sending to client: '{"data":[[4194222,3161549,4389043],[4194219,3147178,4388939],[4194218,3130368,4388890],[4194217,3118577,4388516],[4194215,3104771,4388036],[4194214,3090935,4388084],[4194215,3075969,4387821],[4194210,3070044,4387258],[4194212,3071265,4387396],[4194217,3069503,4387641],[4194215,3063160,4387491],[4194205,3066361,4387513],[4194199,3074539,4387864],[4194206,3069397,4388198],[4194215,3072317,4388254],[4194220,3078138,4388436],[4194218,3080659,4388582],[4194220,3086617,4388581],[4194224,3087321,4388528],[4194223,3084664,4388408],[4194228,3084165,4388514],[4194233,3086953,4388584],[4194230,3092670,4388605],[4194223,3090747,4388630],[4194225,3087950,4388752]],"data_size":25,"timestamp":"2026-01-04 07:49:51.663","type":"data"}'
Server: Received command: '{"type": "get_data"}
'
IN:{"type": "get_data"}


Sending to client: '{"data":[[4194226,3089130,4388999],[4194224,3088374,4388732],[4194217,3095029,4388485],[4194210,3104664,4388811],[4194206,3109484,4389119],[4194212,3116669,4389418],[4194211,3125560,4389589],[4194202,3128715,4389915],[4194196,3127933,4390306],[4194199,3126338,4390666],[4194209,3128301,4391201],[4194213,3128196,4391285],[-99999,35,0],[4194210,3141938,4390874],[4194212,3163200,4390866],[4194218,3173247,4390969],[4194224,3179334,4390557],[4194229,3188348,4390010],[4194222,3198830,4389717],[4194221,3202318,4389720],[4194226,3206932,4389900],[4194226,3211448,4390149],[4194218,3216794,4389848],[4194212,3225591,4387103],[4194213,3235765,4383653],[4194222,3242516,4381607]],"data_size":26,"timestamp":"2026-01-04 07:49:52.164","type":"data"}'
Server: Received command: '{"type": "get_data"}
'
IN:{"type": "get_data"}


Sending to client: '{"data":[[4194220,3248338,4379689],[4194217,3252956,4378176],[4194219,3254368,4377753],[4194219,3253140,4377628],[4194218,3251985,4377126],[4194212,3249608,4376420],[4194207,3247539,4375979],[4194213,3248319,4375297],[4194211,3248888,4374633],[4194208,3250658,4374183],[4194217,3253643,4373960],[4194222,3255097,4373699],[4194220,3254403,4373363],[4194220,3252075,4373307],[4194222,3252533,4373327],[4194224,3255896,4373676],[4194222,3258237,4373836],[4194224,3255661,4373298],[4194226,3251353,4372734],[4194224,3251658,4372463],[4194225,3252889,4372225],[4194229,3247859,4371899],[4194228,3244643,4371483],[4194225,3252476,4370658],[4194225,3258649,4369190]],"data_size":25,"timestamp":"2026-01-04 07:49:52.666","type":"data"}'
Server: Received command: '{"type": "get_data"}
'
IN:{"type": "get_data"}


Sending to client: '{"data":[[4194226,3259897,4368046],[4194214,3258597,4367482],[4194208,3253565,4366991],[4194207,3244051,4367470],[4194209,3236754,4369180],[4194211,3241591,4371150],[4194211,3249841,4372723],[4194211,3254663,4373896],[4194214,3254237,4374587],[4194214,3246455,4374959],[4194212,3239989,4375084],[4194216,3241306,4375519],[-99999,36,0],[4194216,3247085,4376337],[4194211,3251745,4376867],[4194210,3240961,4376968],[4194215,3235485,4376445],[4194231,3249041,4375225],[4194233,3251573,4374592],[4194231,3256479,4374966],[4194227,3260564,4375133],[4194225,3261522,4374717],[4194230,3258879,4373659],[4194224,3257803,4373008],[4194217,3242060,4372226],[4194218,3233037,4371553]],"data_size":26,"timestamp":"2026-01-04 07:49:53.167","type":"data"}'
Server: Received command: '{"type": "get_data"}
'
IN:{"type": "get_data"}


Sending to client: '{"data":[[4194216,3253597,4370489],[4194214,3257715,4369108],[4194215,3257347,4368314],[4194214,3255054,4367675],[4194210,3254359,4367330],[4194211,3251575,4366952],[4194215,3249678,4366992],[4194214,3250716,4367171],[4194212,3254525,4367116],[4194213,3256992,4367292],[4194209,3258054,4367306],[4194214,3258431,4367036],[4194221,3259944,4366763],[4194222,3258644,4366217],[4194223,3255317,4365939],[4194227,3257998,4366065],[4194232,3259670,4366400],[4194232,3262761,4366737],[4194233,3268309,4366844],[4194231,3272426,4367375]],"data_size":20,"timestamp":"2026-01-04 07:49:53.568","type":"data"}'
Server: Received command: '{"type": "get_data"}
'
IN:{"type": "get_data"}


Sending to client: '{"data":[[4194225,3273963,4367341],[4194223,3273359,4366962],[4194222,3273922,4366874],[4194227,3271388,4366972],[4194219,3264054,4367049],[4194215,3260192,4367346],[4194215,3261113,4367177],[4194211,3265393,4367137],[4194212,3267117,4367298],[4194209,3270392,4367646],[4194206,3271872,4367691],[4194207,3270234,4367324],[4194207,3271592,4367137],[4194210,3269291,4367034],[4194217,3263159,4366364],[4194223,3264161,4365948],[4194221,3262900,4366236],[-99999,37,0],[4194220,3262694,4366506],[4194227,3265553,4366285],[4194225,3268958,4365938],[4194222,3270666,4365631],[4194226,3266729,4365672],[4194230,3262567,4365750],[4194227,3262533,4366178],[4194216,3266963,4367434]],"data_size":26,"timestamp":"2026-01-04 07:49:54.069","type":"data"}'
Server: Received command: '{"type": "get_data"}
'
IN:{"type": "get_data"}


Sending to client: '{"data":[[4194217,3268641,4367532],[4194223,3270659,4367364],[4194225,3270593,4367404],[4194222,3266935,4366915],[4194217,3260952,4366047],[4194216,3264213,4365682],[4194214,3271355,4365550],[4194215,3269973,4365078],[4194216,3267972,4364800],[4194210,3265325,4364307],[4194206,3262431,4364127],[4194207,3263924,4364574],[4194220,3266264,4364493],[4194223,3266722,4364032],[4194224,3266764,4363950],[4194222,3271084,4364763],[4194220,3270194,4365017],[4194220,3263283,4364170],[4194218,3259390,4363417],[4194222,3257084,4364032],[4194224,3256271,4364413],[4194226,3259079,4364419],[4194228,3265522,4365080],[4194238,3271240,4364593],[4194226,3276169,4363912]],"data_size":25,"timestamp":"2026-01-04 07:49:54.570","type":"data"}'
Server: Received command: '{"type": "get_data"}
'
IN:{"type": "get_data"}


Sending to client: '{"data":[[4194221,3276959,4364067],[4194229,3277193,4363556],[4194225,3285167,4362272],[4194217,3288191,4361069],[4194212,3288708,4360396],[4194211,3286509,4359989],[4194207,3280539,4359303],[4194203,3284722,4358326],[4194203,3282140,4357305],[4194210,3271176,4356817],[4194209,3268399,4356671],[4194211,3270020,4356858],[4194208,3271817,4357351],[4194206,3262829,4357591],[4194211,3252846,4358078],[4194216,3254410,4358283],[4194221,3262779,4358264],[-99999,38,0],[4194225,3252355,4358931],[4194224,3228038,4361731],[4194227,3201155,4364973],[4194224,3193012,4367772],[4194222,3214712,4368968],[4194224,3222005,4368557],[4194221,3219648,4367768],[4194222,3243214,4367603]],"data_size":26,"timestamp":"2026-01-04 07:49:55.070","type":"data"}'
Server: Received command: '{"type": "get_data"}
'
IN:{"type": "get_data"}


Sending to client: '{"data":[[4194222,3249605,4367194],[4194217,3247101,4367297],[4194210,3238958,4368165],[4194207,3235344,4369917],[4194213,3235304,4371571],[4194216,3236382,4372749],[4194212,3243886,4373609],[4194212,3249634,4373862],[4194213,3255491,4374259],[4194215,3257601,4374692],[4194220,3253675,4374700],[4194221,3254035,4374690],[4194223,3258343,4374731],[4194223,3260974,4374738],[4194225,3264159,4374714],[4194222,3266049,4374559],[4194228,3261491,4374374],[4194231,3259091,4374170],[4194228,3259800,4373927],[4194225,3259674,4373682],[4194222,3263306,4373971],[4194224,3265270,4374014],[4194227,3261255,4373465],[4194215,3255748,4372883],[4194210,3256703,4372292]],"data_size":25,"timestamp":"2026-01-04 07:49:55.571","type":"data"}'
Server: Received command: '{"type": "get_data"}
'
IN:{"type": "get_data"}


Sending to client: '{"data":[[4194216,3256822,4371610],[4194217,3253285,4371358],[4194214,3250565,4370659],[4194214,3244000,4369161],[4194209,3219825,4369001],[4194208,3218108,4369540],[4194207,3244318,4370153],[4194209,3258138,4370684],[4194212,3261301,4370724],[4194210,3265206,4370260],[4194212,3274383,4369296],[4194223,3274952,4368386],[4194221,3262421,4368170],[4194217,3246590,4368957],[4194227,3244977,4369690],[4194229,3251897,4369469],[4194222,3255473,4368375],[-99999,39,0],[4194224,3254583,4367781],[4194229,3242263,4367701],[4194232,3259726,4367225],[4194229,3268394,4366384],[4194222,3268146,4366042],[4194222,3267233,4365749],[4194218,3268730,4365079],[4194215,3275755,4364837]],"data_size":26,"timestamp":"2026-01-04 07:49:56.072","type":"data"}'
Server: Received command: '{"type": "get_data"}
'
IN:{"type": "get_data"}


Sending to client: '{"data":[[4194214,3281480,4364391],[4194204,3283856,4363531],[4194207,3281009,4362435],[4194214,3282784,4362548],[4194207,3286057,4362891],[4194212,3286462,4362690],[4194215,3282285,4362936],[4194214,3280154,4364100],[4194215,3280461,4364616],[4194215,3280128,4364382],[4194216,3276853,4365138],[4194222,3275530,4365335],[4194225,3275523,4365580],[4194220,3273169,4365839],[4194226,3273078,4366106],[4194234,3274322,4366286],[4194232,3277352,4366547],[4194228,3280586,4367015],[4194230,3276413,4367209],[4194227,3273469,4367524],[4194217,3268319,4367675],[4194213,3257583,4366500],[4194219,3280400,4364778],[4194223,3285173,4363205],[4194219,3285342,4362347]],"data_size":25,"timestamp":"2026-01-04 07:49:56.573","type":"data"}'
Server: Received command: '{"type": "get_data"}
'
IN:{"type": "get_data"}


Sending to client: '{"data":[[4194210,3291972,4362140],[4194209,3295719,4361790],[4194213,3291537,4361640],[4194214,3288532,4361969],[4194209,3284172,4361119],[4194211,3275987,4360726],[4194214,3271229,4360851],[4194212,3271046,4361014],[4194216,3270109,4361851],[4194224,3260679,4362840],[4194226,3242052,4362524],[4194220,3257944,4362247],[4194215,3270193,4363102],[4194218,3275961,4363343],[4194225,3276952,4362857],[4194223,3264754,4362216],[4194219,3247100,4362553],[-99999,40,0],[4194217,3266617,4362536],[4194223,3278720,4362364],[4194229,3281812,4362300],[4194226,3280949,4361654],[4194222,3279829,4361124],[4194219,3278856,4361371],[4194212,3280688,4361586],[4194210,3278862,4361424]],"data_size":26,"timestamp":"2026-01-04 07:49:57.073","type":"data"}'
Server: Received command: '{"type": "get_data"}
'
IN:{"type": "get_data"}


Sending to client: '{"data":[[4194214,3272600,4361141],[4194211,3270842,4361651],[4194212,3273708,4361592],[4194212,3278931,4361609],[4194211,3283120,4361637],[4194211,3283960,4361235],[4194212,3282120,4360577],[4194216,3279183,4361015],[4194223,3278291,4361235],[4194221,3278622,4360593],[4194222,3281184,4359734],[4194225,3286608,4359790],[4194220,3293190,4359967],[4194224,3291491,4359571],[4194224,3286244,4359822],[4194222,3285023,4359771],[4194230,3282314,4359995],[4194234,3277143,4360093],[4194232,3279537,4360295],[4194229,3281208,4360270],[4194221,3278880,4360290],[4194222,3273624,4361286],[4194222,3273786,4361688],[4194214,3276475,4361694],[4194210,3277001,4361468]],"data_size":25,"timestamp":"2026-01-04 07:49:57.574","type":"data"}'
Server: Received command: '{"type": "get_data"}
'
IN:{"type": "get_data"}


Sending to client: '{"data":[[4194213,3277713,4361325],[4194213,3281313,4361316],[4194213,3274185,4361084],[4194211,3250427,4360550],[4194201,3261602,4360237],[4194196,3272953,4360915],[4194204,3274126,4361124],[4194208,3272674,4360790],[4194210,3269964,4360516],[4194216,3271239,4360865],[4194224,3273814,4360671],[4194226,3276697,4360134],[4194232,3279409,4360680],[4194234,3276596,4360995],[4194231,3272064,4360610],[4194233,3270456,4359994],[4194229,3274539,4360799],[-99999,41,0],[4194220,3275818,4361152],[4194222,3276283,4361395],[4194224,3282629,4362125],[4194220,3291101,4362860],[4194219,3347877,4368689],[4194218,3404912,4377936],[4194216,3380432,4374843],[4194214,3369536,4372058]],"data_size":26,"timestamp":"2026-01-04 07:49:58.074","type":"data"}'
Server: Received command: '{"type": "get_data"}
'
IN:{"type": "get_data"}


Sending to client: '{"data":[[4194210,3368050,4371833],[4194207,3371470,4372577],[4194211,3374289,4373782],[4194212,3366845,4374963],[4194211,3346971,4376294],[4194210,3362627,4378122],[4194214,3375479,4379894],[4194219,3377992,4381118],[4194219,3379310,4382599],[4194226,3380025,4384040],[4194234,3381289,4385143],[4194227,3382439,4385713],[4194226,3383808,4386099],[4194237,3383701,4386468],[4194237,3383150,4387028],[4194234,3383251,4387813],[4194223,3381214,4388011],[4194215,3381144,4387978],[4194215,3382451,4388305],[4194211,3381826,4388566],[4194210,3380394,4388323],[4194207,3378841,4387965],[4194212,3378499,4388394],[4194216,3378166,4388870],[4194209,3377694,4389102]],"data_size":25,"timestamp":"2026-01-04 07:49:58.575","type":"data"}'
Server: Received command: '{"type": "get_data"}
'
IN:{"type": "get_data"}


Sending to client: '{"data":[[4194201,3375666,4389209],[4194200,3375151,4389333],[4194203,3376788,4389726],[4194209,3377037,4390525],[4194214,3379103,4391602],[4194215,3380718,4392152],[4194212,3381473,4392382],[4194212,3381752,4392754],[4194219,3382097,4392807],[4194228,3381796,4392637],[4194229,3381009,4392162],[4194226,3380760,4391736],[4194227,3381229,4391744],[4194228,3381700,4391208],[4194224,3381542,4390027],[4194220,3382222,4388852],[4194223,3382289,4388190],[-99999,42,0],[4194231,3383178,4388189],[4194225,3382895,4387934],[4194220,3384561,4387423],[4194215,3385442,4386976],[4194214,3385321,4387141],[4194214,3386781,4387552],[4194213,3386091,4387933],[4194216,3386018,4388236]],"data_size":26,"timestamp":"2026-01-04 07:49:59.076","type":"data"}'
Server: Received command: '{"type": "get_data"}
'
IN:{"type": "get_data"}


Sending to client: '{"data":[[4194215,3386229,4388439],[4194211,3385246,4388238],[4194210,3385040,4388254],[4194214,3383054,4388310],[4194216,3382031,4388164],[4194216,3383040,4388380],[4194219,3383677,4388519],[4194223,3383793,4388201],[4194226,3382966,4387925],[4194231,3385041,4388370],[4194224,3386552,4388704],[4194226,3385042,4388447],[4194229,3381519,4388026],[4194218,3376180,4387640],[4194216,3359798,4387528],[4194228,3369617,4387669],[4194231,3380996,4388311],[4194233,3383554,4388709],[4194223,3385387,4388466],[4194209,3387031,4388427],[4194213,3387956,4388655],[4194210,3388134,4388576],[4194204,3386326,4388208],[4194203,3384499,4387783],[4194209,3384560,4387259]],"data_size":25,"timestamp":"2026-01-04 07:49:59.576","type":"data"}'
Server: Received command: '{"type": "get_data"}
'
IN:{"type": "get_data"}


Sending to client: '{"data":[[4194211,3385744,4386985],[4194215,3386840,4387372],[4194217,3387294,4387511],[4194216,3388807,4387648],[4194215,3387512,4387792],[4194213,3385821,4387352],[4194215,3386069,4387013],[4194222,3386727,4386817],[4194225,3385328,4386869],[4194228,3382550,4387125],[4194230,3382346,4387487],[4194228,3382762,4387594],[4194224,3381283,4387154],[4194221,3382968,4386674],[4194224,3384533,4386695],[4194225,3385178,4386902],[4194229,3389564,4386906],[-99999,43,0],[4194227,3391816,4386760],[4194220,3391249,4387211],[4194217,3391005,4387342],[4194207,3389143,4387176],[4194208,3386675,4387034],[4194210,3386511,4386902],[4194211,3387158,4386895],[4194208,3382468,4386980]],"data_size":26,"timestamp":"2026-01-04 07:50:00.077","type":"data"}'
Server: Received command: '{"type": "get_data"}
'
IN:{"type": "get_data"}


Sending to client: '{"data":[[4194207,3360718,4387021],[4194209,3369762,4387075],[4194215,3384403,4387104],[4194222,3385105,4387115],[4194222,3385540,4387201],[4194225,3385981,4387328],[4194229,3386778,4387485],[4194225,3386732,4387538],[4194222,3383878,4387347],[4194227,3383107,4387327],[4194233,3384847,4388036],[4194231,3384497,4388411],[4194232,3383948,4388632],[4194229,3382407,4388908],[4194216,3382083,4388642],[4194210,3380656,4388042],[4194212,3380343,4387746],[4194215,3381366,4387476],[4194221,3383512,4387334],[4194219,3385409,4387629],[4194208,3384246,4387564],[4194206,3381178,4387331],[4194209,3381561,4387532],[4194205,3383692,4387768],[4194210,3382570,4387770]],"data_size":25,"timestamp":"2026-01-04 07:50:00.578","type":"data"}'
Server: Received command: '{"type": "get_data"}
'
IN:{"type": "get_data"}


Sending to client: '{"data":[[4194211,3379309,4387475],[4194214,3377720,4387394],[4194220,3378500,4387731],[4194218,3382559,4388147],[4194219,3384272,4388425],[4194217,3384144,4389280],[4194222,3383508,4390472],[4194225,3381118,4391516],[4194223,3379722,4392128],[4194221,3380878,4392608],[4194231,3377911,4393070],[4194232,3356249,4393020],[4194225,3365032,4392690],[4194215,3380204,4392370],[4194211,3380679,4391574],[4194213,3380098,4390846],[4194218,3383091,4390026],[-99999,44,0],[4194216,3384338,4388947],[4194215,3381276,4388000],[4194217,3380526,4387725],[4194216,3379920,4387448],[4194215,3376154,4387029],[4194217,3375660,4386913],[4194214,3377987,4386862],[4194211,3380747,4387185]],"data_size":26,"timestamp":"2026-01-04 07:50:01.078","type":"data"}'
Server: Received command: '{"type": "get_data"}
'
IN:{"type": "get_data"}


Sending to client: '{"data":[[4194212,3382298,4387952],[4194219,3381933,4387987],[4194226,3381810,4387623],[4194227,3380959,4387714],[4194229,3377885,4387886],[4194228,3377477,4388200],[4194230,3374555,4388532],[4194227,3355163,4388753],[4194224,3363498,4389156],[4194232,3381214,4389652],[4194234,3382741,4390061],[4194232,3385956,4390522],[4194229,3386879,4390675],[4194226,3383553,4390604],[4194226,3382394,4390684],[4194228,3382165,4390761],[4194218,3380076,4390606],[4194212,3379748,4390583],[4194206,3381100,4390269],[4194205,3381908,4389964],[4194208,3382757,4390362],[4194214,3383374,4390671],[4194213,3383927,4390706],[4194212,3383236,4390734],[4194218,3382145,4390814]],"data_size":25,"timestamp":"2026-01-04 07:50:01.579","type":"data"}'
Server: Received command: '{"type": "get_data"}
'
IN:{"type": "get_data"}


Sending to client: '{"data":[[4194214,3381279,4390576],[4194212,3381826,4390620],[4194222,3381951,4391348],[4194226,3382438,4392002],[4194221,3383650,4392360],[4194219,3382965,4392424],[4194222,3383257,4392430],[4194215,3354142,4391387],[4194215,3367171,4391740],[4194213,3364799,4391616],[-99999,45,0],[4194212,3364498,4392201],[4194217,3368857,4392213],[4194222,3367193,4391818],[4194225,3368027,4391618]],"data_size":15,"timestamp":"2026-01-04 07:50:02.080","type":"data"}'
Server: Received command: '{"type": "get_data"}
'
IN:{"type": "get_data"}


Sending to client: '{"data":[[4194212,3346849,4391070],[4194227,3370907,4390976],[4194232,3374418,4391651],[4194226,3372331,4392216],[4194220,3367674,4393139],[4194216,3368163,4393345],[4194214,3368534,4393519],[4194221,3371402,4394269],[4194213,3367643,4393812],[4194208,3373631,4393930],[4194208,3372987,4394348],[4194203,3373579,4394428],[4194215,3374518,4394255]],"data_size":13,"timestamp":"2026-01-04 07:50:02.581","type":"data"}'
Server: Received command: '{"type": "get_data"}
'
IN:{"type": "get_data"}


Sending to client: '{"data":[[4194224,3371363,4393298],[4194235,3369683,4393028],[4194226,3373093,4392875],[4194220,3373515,4392663],[4194213,3371818,4393093],[-99999,46,0],[4194210,3367208,4395077],[4194206,3366915,4395935],[4194217,3360502,4399063],[4194225,3362365,4402118]],"data_size":10,"timestamp":"2026-01-04 07:50:03.082","type":"data"}'
Server: Received command: '{"type": "get_data"}
'
IN:{"type": "get_data"}


Sending to client: '{"data":[[4194234,3359542,4402573],[4194223,3366102,4403982],[4194222,3367210,4404184],[4194227,3365939,4404748],[4194221,3373563,4404200],[4194223,3376597,4404024],[4194222,3374655,4403887],[4194214,3371409,4406407],[4194207,3372282,4407849],[4194212,3374575,4408427],[4194219,3381668,4409805],[4194223,3379015,4409837]],"data_size":12,"timestamp":"2026-01-04 07:50:03.582","type":"data"}'
Server: Received command: '{"type": "get_data"}
'
IN:{"type": "get_data"}


Sending to client: '{"data":[[4194226,3378472,4409550],[4194233,3379772,4409211],[4194230,3380198,4409005],[4194214,3379337,4407621],[4194212,3382604,4407796],[4194222,3384606,4407553],[4194212,3382185,4406533],[4194212,3380872,4405730],[-99999,47,0],[4194209,3385524,4403941],[4194218,3386709,4404076],[4194219,3384887,4404008],[4194216,3382850,4404116],[4194226,3381775,4403955],[4194228,3379453,4404238]],"data_size":15,"timestamp":"2026-01-04 07:50:04.083","type":"data"}'
Server: Received command: '{"type": "get_data"}
'
IN:{"type": "get_data"}


Sending to client: '{"data":[[4194232,3380264,4404091],[4194234,3381552,4403799],[4194230,3382292,4403431],[4194233,3384151,4403401],[4194234,3383136,4402782],[4194228,3380140,4402306],[4194225,3384087,4402527],[4194215,3386643,4403170],[4194208,3368826,4404459],[4194207,3384238,4405090],[4194209,3383893,4404145],[4194215,3380824,4404209],[4194216,3389970,4403731],[4194221,3390007,4401507]],"data_size":14,"timestamp":"2026-01-04 07:50:04.584","type":"data"}'
Server: Received command: '{"type": "get_data"}
'
IN:{"type": "get_data"}


Sending to client: '{"data":[[4194216,3386864,4400945],[4194216,3383000,4400841],[4194223,3377535,4402950],[4194224,3373748,4403643],[4194230,3367571,4403961],[4194218,3359064,4406254],[4194217,3342774,4408598],[4194214,3321773,4411603],[4194211,3306140,4414900],[4194212,3302303,4416513],[4194212,3304490,4415384],[4194212,3332025,4408896],[-99999,48,0],[4194222,3328458,4403803],[4194214,3325061,4404197],[4194219,3321954,4403931]],"data_size":16,"timestamp":"2026-01-04 07:50:05.085","type":"data"}'
Server: Received command: '{"type": "get_data"}
'
IN:{"type": "get_data"}


Sending to client: '{"data":[[4194226,3318382,4405237],[4194227,3319413,4406481],[4194218,3331806,4410829],[4194216,3338303,4410658],[4194217,3335416,4411104],[4194214,3337598,4411034],[4194209,3332707,4409705],[4194223,3346857,4409838],[4194217,3335392,4409485],[4194223,3333370,4410092]],"data_size":10,"timestamp":"2026-01-04 07:50:05.585","type":"data"}'
Server: Received command: '{"type": "get_data"}
'
IN:{"type": "get_data"}


Sending to client: '{"data":[[4194217,3340779,4410202],[4194219,3338463,4410493],[4194225,3345255,4410818],[4194220,3346313,4410146],[4194224,3344218,4409538],[4194221,3347096,4409632],[4194211,3350447,4409682],[4194206,3351637,4409543],[-99999,49,0],[4194218,3358653,4411351],[4194227,3375667,4408787],[4194227,3375931,4408229]],"data_size":12,"timestamp":"2026-01-04 07:50:06.085","type":"data"}'
Server: Received command: '{"type": "get_data"}
'
IN:{"type": "get_data"}


Sending to client: '{"data":[[4194226,3375764,4407550],[4194233,3374061,4406554],[4194220,3375824,4408061],[4194211,3372985,4409545],[4194206,3371626,4409052],[4194217,3369377,4409115],[4194224,3368143,4410700],[4194217,3367396,4411297],[4194221,3368448,4411764]],"data_size":9,"timestamp":"2026-01-04 07:50:06.586","type":"data"}'
Server: Received command: '{"type": "get_data"}
'
IN:{"type": "get_data"}


Sending to client: '{"data":[[4194218,3370580,4411912],[4194215,3368043,4411747],[4194219,3370531,4411649],[4194216,3371390,4411251],[4194214,3372636,4411071],[4194211,3367885,4410125],[4194207,3367762,4411166],[-99999,50,0],[4194216,3369474,4412416],[4194225,3369853,4412459],[4194227,3366690,4412629],[4194221,3363744,4412674],[4194219,3365890,4413036],[4194228,3368832,4413773],[4194230,3369752,4413979]],"data_size":15,"timestamp":"2026-01-04 07:50:07.086","type":"data"}'
Server: Received command: '{"type": "get_data"}
'
IN:{"type": "get_data"}


Sending to client: '{"data":[[4194231,3369515,4414815],[4194222,3369262,4415004],[4194217,3370479,4415054],[4194213,3367938,4414734],[4194215,3368621,4414910],[4194217,3371277,4415161],[4194209,3373222,4415363],[4194208,3374296,4415338],[4194211,3375060,4415061],[4194224,3366893,4414450],[4194221,3371558,4415081],[4194220,3372691,4415458],[4194221,3371957,4415438]],"data_size":13,"timestamp":"2026-01-04 07:50:07.587","type":"data"}'
Server: Received command: '{"type": "get_data"}
'
IN:{"type": "get_data"}


Sending to client: '{"data":[[4194224,3371600,4414761],[4194214,3374606,4415073],[4194213,3374504,4415249],[4194216,3374170,4415327],[4194217,3373248,4415457],[4194215,3371760,4415358],[4194214,3371294,4415601],[4194215,3373819,4416269],[4194217,3377449,4416863],[4194217,3377186,4417470],[-99999,51,0],[4194216,3375672,4417921],[4194219,3371824,4418676],[4194225,3370367,4419520],[4194229,3373347,4419911],[4194224,3377231,4420926],[4194220,3376978,4421263]],"data_size":17,"timestamp":"2026-01-04 07:50:08.087","type":"data"}'
Server: Received command: '{"type": "get_data"}
'
IN:{"type": "get_data"}


Sending to client: '{"data":[[4194225,3373796,4421541],[4194204,3368745,4429267],[4194217,3363809,4433629],[4194219,3366087,4433707],[4194220,3365561,4433282],[4194227,3368975,4430312]],"data_size":6,"timestamp":"2026-01-04 07:50:08.588","type":"data"}'
Server: Received command: '{"type": "get_data"}
'
IN:{"type": "get_data"}


Sending to client: '{"data":[[4194227,3369921,4430123],[4194226,3368245,4429842],[4194221,3367340,4429458],[4194217,3373015,4429197],[4194218,3376430,4429200],[4194216,3377430,4429100],[4194213,3369768,4427117],[4194221,3368882,4426661],[4194220,3370319,4425948],[4194215,3369733,4425927],[4194210,3368388,4425647],[4194218,3368682,4425204],[-99999,52,0],[4194222,3371251,4425251],[4194227,3358050,4423726]],"data_size":15,"timestamp":"2026-01-04 07:50:09.088","type":"data"}'
Server: Received command: '{"type": "get_data"}
'
IN:{"type": "get_data"}


Sending to client: '{"data":[[4194218,3366834,4423803],[4194214,3359404,4424088],[4194222,3344462,4424501],[4194222,3365650,4424793],[4194211,3372481,4424958],[4194209,3372310,4425364],[4194211,3375173,4425362],[4194218,3377228,4425469],[4194227,3375698,4425161],[4194233,3373353,4424827],[4194218,3378210,4425111],[4194218,3376279,4424809]],"data_size":12,"timestamp":"2026-01-04 07:50:09.589","type":"data"}'
Server: Received command: '{"type": "get_data"}
'
IN:{"type": "get_data"}


Sending to client: '{"data":[[4194217,3374744,4424916],[4194215,3372875,4423816],[4194214,3374667,4423696],[4194214,3373226,4423443],[4194217,3375957,4423434],[4194215,3375423,4423372],[4194223,3373263,4423237],[4194218,3373889,4423057],[-99999,53,0],[4194228,3374963,4423245],[4194232,3375304,4423135]],"data_size":11,"timestamp":"2026-01-04 07:50:10.090","type":"data"}'
Server: Received command: '{"type": "get_data"}
'
IN:{"type": "get_data"}


Sending to client: '{"data":[[4194221,3378581,4423154],[4194216,3376146,4423145],[4194219,3371025,4422990],[4194211,3374045,4422614],[4194207,3375583,4423077],[4194204,3376858,4423316],[4194210,3378448,4423550],[4194215,3380752,4423876],[4194218,3379198,4423629],[4194215,3374555,4423639],[4194215,3374037,4423186],[4194218,3375778,4423094],[4194221,3375967,4423226],[4194223,3372670,4422500],[4194224,3374919,4422339],[4194228,3381334,4423785]],"data_size":16,"timestamp":"2026-01-04 07:50:10.590","type":"data"}'
Server: Received command: '{"type": "get_data"}
'
IN:{"type": "get_data"}


Sending to client: '{"data":[[4194227,3378780,4423631],[4194217,3376807,4423917],[4194212,3376315,4423513],[4194210,3378608,4423567],[4194212,3377282,4423775],[4194210,3377624,4423517],[4194214,3376929,4423072],[4194219,3378208,4423858],[4194218,3378482,4423891],[4194220,3378252,4423876],[-99999,54,0],[4194226,3378651,4423862],[4194225,3375215,4423908],[4194224,3374757,4423769],[4194223,3375685,4423201],[4194218,3376213,4423350],[4194220,3376246,4422906],[4194225,3375188,4422786]],"data_size":18,"timestamp":"2026-01-04 07:50:11.091","type":"data"}'
Server: Received command: '{"type": "get_data"}
'
IN:{"type": "get_data"}


Sending to client: '{"data":[[4194219,3376511,4424121],[4194206,3376859,4424618],[4194204,3373610,4426017],[4194205,3372070,4426263],[4194211,3374287,4426439],[4194229,3374766,4427049],[4194228,3377946,4427013],[4194220,3375336,4426327],[4194218,3374880,4425880],[4194217,3374148,4425906],[4194220,3368668,4425564]],"data_size":11,"timestamp":"2026-01-04 07:50:11.592","type":"data"}'
Server: Received command: '{"type": "get_data"}
'
IN:{"type": "get_data"}


Sending to client: '{"data":[[4194218,3368747,4425954],[4194220,3371164,4426611],[4194213,3370211,4429964],[4194217,3369245,4431929],[4194219,3370467,4431632],[4194227,3371070,4433422],[4194229,3370640,4433840],[4194229,3368837,4434158],[-99999,55,0],[4194230,3364427,4437249],[4194214,3358285,4438430],[4194206,3362811,4440861]],"data_size":12,"timestamp":"2026-01-04 07:50:12.092","type":"data"}'
Server: Received command: '{"type": "get_data"}
'
IN:{"type": "get_data"}


Sending to client: '{"data":[[4194207,3362877,4441368],[4194206,3365153,4441912],[4194210,3362536,4442136],[4194208,3365774,4442694],[4194211,3368857,4441940],[4194215,3369454,4441313],[4194214,3368527,4438978],[4194218,3380357,4436135],[4194218,3382590,4436768],[4194216,3383411,4436543],[4194214,3390432,4435339]],"data_size":11,"timestamp":"2026-01-04 07:50:12.593","type":"data"}'
Server: Received command: '{"type": "get_data"}
'
IN:{"type": "get_data"}


Sending to client: '{"data":[[4194206,3377287,4431157],[4194213,3393103,4429612],[4194222,3394300,4429730],[4194222,3396178,4430231],[4194227,3397012,4430943],[4194228,3396028,4431381],[4194230,3397884,4435221],[4194224,3399824,4436820],[-99999,56,0],[4194222,3396886,4439788],[4194218,3393397,4441745],[4194218,3390963,4443957],[4194212,3399809,4445026]],"data_size":13,"timestamp":"2026-01-04 07:50:13.094","type":"data"}'
Server: Received command: '{"type": "get_data"}
'
IN:{"type": "get_data"}


Sending to client: '{"data":[[4194201,3407439,4448634],[4194210,3413586,4450936],[4194211,3414231,4450964],[4194221,3410443,4457713],[4194222,3411764,4459882],[4194223,3416226,4460750],[4194220,3416804,4461216],[4194217,3415433,4463360],[4194214,3417640,4464693],[4194216,3415874,4465324],[4194206,3414983,4467109],[4194205,3416019,4467437],[4194206,3417617,4467049]],"data_size":13,"timestamp":"2026-01-04 07:50:13.594","type":"data"}'
Server: Received command: '{"type": "get_data"}
'
IN:{"type": "get_data"}


Sending to client: '{"data":[[4194210,3417811,4466666],[4194219,3421710,4463114],[4194214,3425184,4462871],[4194207,3425859,4463391],[4194221,3423614,4465101],[4194222,3427702,4468594],[4194217,3429637,4470275],[-99999,57,0],[4194210,3421793,4464485],[4194206,3426264,4465219]],"data_size":10,"timestamp":"2026-01-04 07:50:14.095","type":"data"}'
Server: Received command: '{"type": "get_data"}
'
IN:{"type": "get_data"}


Sending to client: '{"data":[[4194212,3414407,4466880],[4194212,3411108,4467041],[4194227,3374771,4459627],[4194222,3355404,4457751],[4194224,3335021,4459934],[4194222,3336754,4461070],[4194219,3337398,4461099],[4194216,3348716,4465576],[4194212,3413708,4464928]],"data_size":9,"timestamp":"2026-01-04 07:50:14.596","type":"data"}'
Server: Received command: '{"type": "get_data"}
'
IN:{"type": "get_data"}


Sending to client: '{"data":[[4194215,3422784,4458559],[4194230,3425209,4455527],[4194217,3427615,4454007],[4194215,3424089,4452394],[-99999,58,0],[4194207,3424596,4450664],[4194207,3427900,4445937],[4194203,3423952,4443975],[4194209,3421390,4440853],[4194210,3404442,4436794]],"data_size":10,"timestamp":"2026-01-04 07:50:15.096","type":"data"}'
Server: Received command: '{"type": "get_data"}
'
IN:{"type": "get_data"}


Sending to client: '{"data":[[4194220,3412694,4436385],[4194222,3417731,4432821],[4194212,3389596,4427369],[4194223,3392823,4430232],[4194202,3414742,4431878],[4194208,3415367,4430601],[4194214,3414933,4427704],[4194218,3412994,4428181],[4194201,3413478,4430222],[4194205,3413915,4431377],[4194216,3414525,4432368],[4194213,3417402,4431567]],"data_size":12,"timestamp":"2026-01-04 07:50:15.597","type":"data"}'
Server: Received command: '{"type": "get_data"}
'
IN:{"type": "get_data"}


Sending to client: '{"data":[[4194221,3420328,4432367],[4194225,3419284,4430280],[4194229,3421193,4430359],[4194230,3417835,4428037],[4194221,3420548,4427512],[4194213,3420959,4424036],[4194213,3422705,4423209],[4194207,3425326,4423037],[4194212,3424669,4421651],[-99999,59,0],[4194209,3419573,4418874],[4194217,3419412,4418469],[4194217,3418650,4417585],[4194214,3417409,4416632],[4194223,3417541,4414893]],"data_size":15,"timestamp":"2026-01-04 07:50:16.097","type":"data"}'
Server: Received command: '{"type": "get_data"}
'
IN:{"type": "get_data"}


Sending to client: '{"data":[[4194221,3419997,4415554],[4194222,3421684,4415817],[4194213,3418634,4410415],[4194211,3422377,4408707],[4194211,3421362,4407539],[4194212,3419956,4407016],[4194205,3420256,4406580],[4194207,3420748,4405557],[4194222,3420902,4405853],[4194220,3421954,4404591]],"data_size":10,"timestamp":"2026-01-04 07:50:16.598","type":"data"}'
Server: Received command: '{"type": "get_data"}
'
IN:{"type": "get_data"}


Sending to client: '{"data":[[4194226,3420547,4404394],[4194219,3421272,4404568],[4194215,3421714,4404703],[4194217,3423633,4404921],[4194208,3423582,4405206],[4194203,3421818,4407821],[-99999,60,0],[4194223,3419878,4408918],[4194217,3420297,4409142],[4194216,3417992,4409114]],"data_size":10,"timestamp":"2026-01-04 07:50:17.099","type":"data"}'
Server: Received command: '{"type": "get_data"}
'
IN:{"type": "get_data"}


Sending to client: '{"data":[[4194224,3417106,4409517],[4194213,3419214,4410220],[4194214,3419043,4410114],[4194202,3416318,4409254],[4194212,3415339,4409276],[4194214,3414483,4409447],[4194215,3412187,4409396],[4194218,3395940,4409392],[4194218,3420017,4409414],[4194224,3416508,4409206],[4194226,3419400,4409645],[4194220,3418871,4409457]],"data_size":12,"timestamp":"2026-01-04 07:50:17.599","type":"data"}'
Server: Received command: '{"type": "get_data"}
'
IN:{"type": "get_data"}


Sending to client: '{"data":[[4194225,3413519,4408552],[4194218,3400636,4409093],[4194212,3389270,4408948],[4194210,3416450,4408883],[4194204,3415237,4408742],[4194210,3414502,4408709],[4194213,3414261,4408619],[4194212,3416216,4408170],[-99999,61,0],[4194216,3415105,4407860],[4194228,3414777,4407741],[4194226,3414792,4407646],[4194224,3415210,4407740]],"data_size":13,"timestamp":"2026-01-04 07:50:18.101","type":"data"}'
Server: Received command: '{"type": "get_data"}
'
IN:{"type": "get_data"}


Sending to client: '{"data":[[4194208,3413192,4406550],[4194211,3414305,4406559],[4194207,3415371,4406386],[4194207,3416022,4406234],[4194213,3413925,4406075],[4194210,3411337,4405561],[4194214,3415001,4405635],[4194226,3413986,4405173],[4194220,3414362,4404881],[4194222,3412872,4404670],[4194222,3409866,4404492],[4194211,3411492,4404975]],"data_size":12,"timestamp":"2026-01-04 07:50:18.601","type":"data"}'
Server: Received command: '{"type": "get_data"}
'
IN:{"type": "get_data"}


Sending to client: '{"data":[[4194202,3412057,4404465],[4194210,3408343,4402470],[4194217,3406662,4402268],[4194219,3405995,4402133],[4194225,3410589,4402251],[-99999,62,0],[4194218,3411344,4401804],[4194225,3411933,4401792],[4194213,3381988,4401551],[4194204,3413344,4401620]],"data_size":10,"timestamp":"2026-01-04 07:50:19.102","type":"data"}'
Server: Received command: '{"type": "get_data"}
'
IN:{"type": "get_data"}


Sending to client: '{"data":[[4194202,3406035,4400097],[4194220,3409607,4399885],[4194219,3411168,4400120],[4194217,3410623,4400454],[4194220,3410680,4400392],[4194222,3407080,4400441],[4194227,3411957,4399447],[4194220,3409426,4398054],[4194221,3405766,4398048],[4194211,3407836,4397837],[4194209,3407312,4397806],[4194205,3405175,4397663],[4194213,3404982,4397271],[4194217,3406371,4397437]],"data_size":14,"timestamp":"2026-01-04 07:50:19.603","type":"data"}'
Server: Received command: '{"type": "get_data"}
'
IN:{"type": "get_data"}


Sending to client: '{"data":[[4194202,3409016,4397816],[4194212,3403853,4396764],[4194214,3403894,4396802],[4194216,3404126,4396875],[4194225,3404618,4396975],[4194228,3405744,4396648],[4194221,3407923,4395378],[-99999,63,0],[4194216,3406645,4395620],[4194214,3407095,4395678],[4194204,3405177,4393982]],"data_size":11,"timestamp":"2026-01-04 07:50:20.103","type":"data"}'
Server: Received command: '{"type": "get_data"}
'
IN:{"type": "get_data"}


Sending to client: '{"data":[[4194219,3404820,4393620],[4194231,3405786,4393266],[4194229,3405923,4392575],[4194230,3403472,4392479],[4194226,3406144,4392385],[4194224,3407346,4391827],[4194224,3405371,4390890],[4194229,3404984,4391291],[4194226,3405843,4392014],[4194219,3405890,4391384],[4194208,3403064,4390028],[4194203,3401325,4390318],[4194205,3400421,4389937]],"data_size":13,"timestamp":"2026-01-04 07:50:20.604","type":"data"}'
Server: Received command: '{"type": "get_data"}
'
IN:{"type": "get_data"}


Sending to client: '{"data":[[4194207,3403529,4390905],[4194216,3403776,4390576],[4194225,3399801,4389796],[4194225,3401635,4390074],[4194214,3399421,4388379],[4194224,3401950,4388488],[4194218,3402170,4388491],[-99999,64,0],[4194219,3400310,4388351],[4194220,3397875,4387901],[4194209,3388036,4387375],[4194211,3368453,4387684],[4194216,3385751,4387572]],"data_size":13,"timestamp":"2026-01-04 07:50:21.105","type":"data"}'
Server: Received command: '{"type": "get_data"}
'
IN:{"type": "get_data"}


Sending to client: '{"data":[[4194219,3399965,4387736],[4194215,3400888,4387379],[4194221,3400928,4387565],[4194225,3400107,4387160],[4194221,3399286,4387132],[4194227,3401725,4386456],[4194226,3401772,4386801],[4194209,3398701,4385021],[4194206,3396611,4385913],[4194215,3368052,4385000]],"data_size":10,"timestamp":"2026-01-04 07:50:21.606","type":"data"}'
Server: Received command: '{"type": "get_data"}
'
IN:{"type": "get_data"}


Sending to client: '{"data":[[4194224,3383448,4384926],[4194222,3395511,4385490],[4194218,3397139,4385371],[4194220,3399956,4385204],[4194221,3399897,4384250],[4194221,3399106,4383868],[4194216,3397646,4382985],[4194216,3396860,4383308],[-99999,65,0]],"data_size":9,"timestamp":"2026-01-04 07:50:22.106","type":"data"}'
Server: Received command: '{"type": "get_data"}
'
IN:{"type": "get_data"}


Sending to client: '{"data":[[4194225,3393873,4381973],[4194230,3397953,4381589],[4194214,3399030,4382279],[4194213,3398549,4382029],[4194209,3396961,4381502],[4194206,3395423,4381667],[4194211,3400003,4382742],[4194207,3399677,4382772],[4194209,3401170,4384080],[4194213,3400389,4384701],[4194218,3397576,4385207]],"data_size":11,"timestamp":"2026-01-04 07:50:22.607","type":"data"}'
Server: Received command: '{"type": "get_data"}
'
IN:{"type": "get_data"}


Sending to client: '{"data":[[4194225,3396457,4385333],[4194225,3397284,4385042],[4194226,3394481,4382615],[4194208,3391383,4380870],[4194208,3390436,4380897],[-99999,66,0],[4194210,3392113,4379733],[4194212,3393551,4379029],[4194221,3393321,4379760],[4194214,3395342,4380063]],"data_size":10,"timestamp":"2026-01-04 07:50:23.108","type":"data"}'
Server: Received command: '{"type": "get_data"}
'
IN:{"type": "get_data"}


Sending to client: '{"data":[[4194225,3395725,4380331],[4194227,3393319,4379961],[4194230,3390449,4379737],[4194223,3391318,4380061],[4194213,3390983,4379275],[4194210,3393510,4379091],[4194206,3393933,4378993],[4194204,3389525,4379446],[4194209,3366209,4379666],[4194212,3375410,4379913],[4194217,3390687,4380102],[4194224,3393090,4380158]],"data_size":12,"timestamp":"2026-01-04 07:50:23.608","type":"data"}'
Server: Received command: '{"type": "get_data"}
'
IN:{"type": "get_data"}


Sending to client: '{"data":[[4194226,3399069,4382445],[4194223,3399866,4383152],[4194228,3398662,4384549],[4194225,3397499,4384994],[4194222,3392768,4385638],[4194211,3395685,4385613],[-99999,67,0],[4194213,3391966,4387558],[4194218,3395316,4388896],[4194230,3394029,4390848]],"data_size":10,"timestamp":"2026-01-04 07:50:24.109","type":"data"}'
Server: Received command: '{"type": "get_data"}
'
IN:{"type": "get_data"}


Sending to client: '{"data":[[4194232,3398567,4393960],[4194220,3397000,4394679],[4194210,3391306,4396671],[4194207,3393322,4397415],[4194207,3394404,4398533],[4194203,3395515,4399016],[4194205,3394404,4399337],[4194209,3390132,4400398],[4194212,3389884,4402228],[4194227,3377728,4404988]],"data_size":10,"timestamp":"2026-01-04 07:50:24.610","type":"data"}'
Server: Received command: '{"type": "get_data"}
'
IN:{"type": "get_data"}


Sending to client: '{"data":[[4194225,3386632,4407563],[4194222,3386593,4408166],[4194223,3387572,4408551],[4194227,3387851,4410572],[4194218,3389629,4411573],[4194216,3392149,4412048],[4194210,3390455,4412716],[4194218,3392210,4414232],[-99999,68,0],[4194217,3390197,4416047],[4194226,3389390,4417789],[4194229,3391879,4422047]],"data_size":12,"timestamp":"2026-01-04 07:50:25.110","type":"data"}'
Server: Received command: '{"type": "get_data"}
'
IN:{"type": "get_data"}


Sending to client: '{"data":[[4194234,3391328,4423698],[4194227,3388044,4426639],[4194227,3383730,4429908],[4194212,3384942,4432549],[4194208,3380310,4437929],[4194213,3374676,4438504],[4194209,3384555,4436664],[4194217,3378394,4434904],[4194215,3360278,4432751],[4194224,3345049,4432466],[4194220,3349651,4437018]],"data_size":11,"timestamp":"2026-01-04 07:50:25.611","type":"data"}'
Server: Received command: '{"type": "get_data"}
'
IN:{"type": "get_data"}


Sending to client: '{"data":[[4194222,3350167,4439508],[4194217,3342928,4445762],[4194213,3335368,4450466],[4194208,3138449,4460060],[4194209,3105758,4458526],[4194353,3050211,4456018],[4194466,3036050,4454163],[4194207,3040846,4449638],[-99999,69,0],[4194208,3048108,4445986],[4194212,3053778,4444785],[4194216,3058021,4443720],[4194222,3063280,4441708],[4194224,3069636,4439548],[4194232,3080441,4438817]],"data_size":15,"timestamp":"2026-01-04 07:50:26.112","type":"data"}'
Server: Received command: '{"type": "get_data"}
'
IN:{"type": "get_data"}


Sending to client: '{"data":[[4194231,3094316,4437624],[4194225,3135333,4437025],[4194206,3165353,4436555],[4194200,3179384,4436067],[4194210,3220284,4436249],[4194217,3282256,4438200],[4194230,3315941,4440529]],"data_size":7,"timestamp":"2026-01-04 07:50:26.612","type":"data"}'
Server: Received command: '{"type": "get_data"}
'
IN:{"type": "get_data"}


Sending to client: '{"data":[[4194222,3337361,4439660],[4194218,3358685,4437813],[4194221,3374037,4435825],[4194216,3378185,4434273],[4194207,3382468,4433035],[4194207,3382598,4432151],[4194209,3381330,4430291],[4194210,3376279,4426660],[4194217,3371820,4423346],[-99999,70,0],[4194223,3373338,4423002],[4194224,3366677,4420820],[4194229,3368900,4420488],[4194227,3370444,4420578],[4194227,3369818,4420783]],"data_size":15,"timestamp":"2026-01-04 07:50:27.113","type":"data"}'
Server: Received command: '{"type": "get_data"}
'
IN:{"type": "get_data"}


Sending to client: '{"data":[[4194220,3372705,4420997],[4194217,3373556,4421818],[4194220,3374119,4422514],[4194209,3378713,4425906],[4194217,3368501,4431294],[4194220,3368315,4434362],[4194210,3373322,4438694],[4194213,3341501,4441324],[4194213,3342626,4442250],[4194212,3310831,4443040],[4194222,3265646,4444748],[4194231,3250625,4445628],[4194234,3239250,4445960],[4194224,3229509,4447009]],"data_size":14,"timestamp":"2026-01-04 07:50:27.614","type":"data"}'
Server: Received command: '{"type": "get_data"}
'
IN:{"type": "get_data"}


Sending to client: '{"data":[[4194217,3228001,4447428],[4194213,3218409,4448228],[4194210,3218356,4448955],[4194212,3215879,4449461],[4194209,3218903,4453369],[4194205,3230576,4454613],[4194207,3259815,4458419],[4194218,3302272,4462160],[-99999,71,0],[4194219,3335441,4463432],[4194225,3356247,4461506],[4194224,3359219,4460002],[4194223,3365504,4459281],[4194225,3365863,4460138]],"data_size":14,"timestamp":"2026-01-04 07:50:28.114","type":"data"}'
Server: Received command: '{"type": "get_data"}
'
IN:{"type": "get_data"}


Sending to client: '{"data":[[4194220,3368853,4465243],[4194215,3367530,4467346],[4194209,3372117,4470294],[4194206,3376957,4472012],[4194217,3377581,4472046],[4194209,3373044,4470404],[4194216,3375644,4469168],[4194221,3372738,4466462],[4194217,3357078,4468467],[4194214,3361409,4469080]],"data_size":10,"timestamp":"2026-01-04 07:50:28.615","type":"data"}'
Server: Received command: '{"type": "get_data"}
'
IN:{"type": "get_data"}


Sending to client: '{"data":[[4194219,3359715,4468392],[4194217,3361346,4467645],[4194206,3366013,4466383],[4194208,3366074,4466946],[4194208,3367250,4467154],[4194218,3368334,4467374],[4194219,3369259,4467755],[-99999,72,0],[4194229,3375836,4469050],[4194224,3376338,4469368],[4194222,3374659,4469155],[4194223,3376318,4468835]],"data_size":12,"timestamp":"2026-01-04 07:50:29.116","type":"data"}'
Server: Received command: '{"type": "get_data"}
'
IN:{"type": "get_data"}


Sending to client: '{"data":[[4194223,3379596,4468711],[4194213,3379897,4468877],[4194201,3381817,4469095],[4194201,3379885,4469150],[4194209,3376321,4469779],[4194209,3376899,4469386],[4194212,3377432,4468685],[4194216,3357455,4465480],[4194219,3370421,4463657],[4194222,3370291,4462847]],"data_size":10,"timestamp":"2026-01-04 07:50:29.616","type":"data"}'
Server: Received command: '{"type": "get_data"}
'
IN:{"type": "get_data"}


Sending to client: '{"data":[[4194211,3344531,4461514],[4194210,3361649,4461438],[4194217,3364446,4461563],[4194227,3369661,4462346],[4194231,3373667,4462735],[-99999,73,0],[4194219,3314292,4458791],[4194224,3326014,4457710],[4194217,3321787,4455867],[4194209,3302409,4454381]],"data_size":10,"timestamp":"2026-01-04 07:50:30.117","type":"data"}'
Server: Received command: '{"type": "get_data"}
'
IN:{"type": "get_data"}


Sending to client: '{"data":[[4194205,3277973,4454880],[4194207,3272161,4455751],[4194207,3277590,4456712],[4194205,3286713,4458306],[4194206,3300405,4460692],[4194210,3303169,4461196],[4194209,3307790,4461850],[4194219,3326763,4463111],[4194215,3334993,4463570],[4194229,3347920,4463963],[4194211,3354285,4466340]],"data_size":11,"timestamp":"2026-01-04 07:50:30.617","type":"data"}'
Server: Received command: '{"type": "get_data"}
'
IN:{"type": "get_data"}


Sending to client: '{"data":[[4194215,3362933,4465447],[4194209,3360286,4465396],[4194215,3360111,4464875],[4194215,3360550,4464616],[4194223,3365805,4462896],[4194225,3364706,4463055],[4194216,3360815,4463276],[4194233,3355316,4462556],[4194233,3349679,4461958],[-99999,74,0],[4194222,3344046,4461672],[4194222,3336149,4461570],[4194222,3330043,4461793],[4194224,3324290,4461816],[4194221,3306559,4461509],[4194207,3296538,4461946]],"data_size":16,"timestamp":"2026-01-04 07:50:31.118","type":"data"}'
Server: Received command: '{"type": "get_data"}
'
IN:{"type": "get_data"}


Sending to client: '{"data":[[4194204,3285436,4462273],[4194213,3303908,4462269],[4194215,3298865,4460416],[4194225,3300207,4458543],[4194226,3290696,4456605],[4194221,3279602,4456359],[4194218,3271264,4456501],[4194209,3255252,4457609]],"data_size":8,"timestamp":"2026-01-04 07:50:31.618","type":"data"}'
Server: Received command: '{"type": "get_data"}
'
IN:{"type": "get_data"}


Sending to client: '{"data":[[4194215,3234278,4457044],[4194220,3220170,4456996],[4194228,3214558,4456551],[4194226,3218829,4456136],[4194224,3209351,4456171],[4194219,3197085,4456098],[4194224,3187891,4455737],[-99999,75,0],[4194226,3177892,4453958],[4194209,3176244,4450393]],"data_size":10,"timestamp":"2026-01-04 07:50:32.118","type":"data"}'
Client disconnected.
